Archive member included to satisfy reference by file (symbol)

/home/herve/.eclipse/com.st.stm32cube.ide.mcu.rcp.product_1.10.1_139059409_linux_gtk_x86_64/plugins/com.st.stm32cube.ide.mcu.externaltools.gnu-tools-for-stm32.10.3-2021.10.linux64_1.0.100.202210260954/tools/bin/../lib/gcc/arm-none-eabi/10.3.1/../../../../arm-none-eabi/lib/thumb/v7e-m+fp/hard/libc_nano.a(lib_a-errno.o)
                              ./Application/User/syscalls.o (__errno)
/home/herve/.eclipse/com.st.stm32cube.ide.mcu.rcp.product_1.10.1_139059409_linux_gtk_x86_64/plugins/com.st.stm32cube.ide.mcu.externaltools.gnu-tools-for-stm32.10.3-2021.10.linux64_1.0.100.202210260954/tools/bin/../lib/gcc/arm-none-eabi/10.3.1/../../../../arm-none-eabi/lib/thumb/v7e-m+fp/hard/libc_nano.a(lib_a-exit.o)
                              /home/herve/.eclipse/com.st.stm32cube.ide.mcu.rcp.product_1.10.1_139059409_linux_gtk_x86_64/plugins/com.st.stm32cube.ide.mcu.externaltools.gnu-tools-for-stm32.10.3-2021.10.linux64_1.0.100.202210260954/tools/bin/../lib/gcc/arm-none-eabi/10.3.1/../../../../arm-none-eabi/lib/thumb/v7e-m+fp/hard/crt0.o (exit)
/home/herve/.eclipse/com.st.stm32cube.ide.mcu.rcp.product_1.10.1_139059409_linux_gtk_x86_64/plugins/com.st.stm32cube.ide.mcu.externaltools.gnu-tools-for-stm32.10.3-2021.10.linux64_1.0.100.202210260954/tools/bin/../lib/gcc/arm-none-eabi/10.3.1/../../../../arm-none-eabi/lib/thumb/v7e-m+fp/hard/libc_nano.a(lib_a-impure.o)
                              /home/herve/.eclipse/com.st.stm32cube.ide.mcu.rcp.product_1.10.1_139059409_linux_gtk_x86_64/plugins/com.st.stm32cube.ide.mcu.externaltools.gnu-tools-for-stm32.10.3-2021.10.linux64_1.0.100.202210260954/tools/bin/../lib/gcc/arm-none-eabi/10.3.1/../../../../arm-none-eabi/lib/thumb/v7e-m+fp/hard/libc_nano.a(lib_a-exit.o) (_global_impure_ptr)
/home/herve/.eclipse/com.st.stm32cube.ide.mcu.rcp.product_1.10.1_139059409_linux_gtk_x86_64/plugins/com.st.stm32cube.ide.mcu.externaltools.gnu-tools-for-stm32.10.3-2021.10.linux64_1.0.100.202210260954/tools/bin/../lib/gcc/arm-none-eabi/10.3.1/../../../../arm-none-eabi/lib/thumb/v7e-m+fp/hard/libc_nano.a(lib_a-init.o)
                              /home/herve/.eclipse/com.st.stm32cube.ide.mcu.rcp.product_1.10.1_139059409_linux_gtk_x86_64/plugins/com.st.stm32cube.ide.mcu.externaltools.gnu-tools-for-stm32.10.3-2021.10.linux64_1.0.100.202210260954/tools/bin/../lib/gcc/arm-none-eabi/10.3.1/../../../../arm-none-eabi/lib/thumb/v7e-m+fp/hard/crt0.o (__libc_init_array)
/home/herve/.eclipse/com.st.stm32cube.ide.mcu.rcp.product_1.10.1_139059409_linux_gtk_x86_64/plugins/com.st.stm32cube.ide.mcu.externaltools.gnu-tools-for-stm32.10.3-2021.10.linux64_1.0.100.202210260954/tools/bin/../lib/gcc/arm-none-eabi/10.3.1/../../../../arm-none-eabi/lib/thumb/v7e-m+fp/hard/libc_nano.a(lib_a-memcpy-stub.o)
                              ./Middlewares/BlueNRG-2/Wireless/BlueNRG-2/Controller/bluenrg1_gap_aci.o (memcpy)
/home/herve/.eclipse/com.st.stm32cube.ide.mcu.rcp.product_1.10.1_139059409_linux_gtk_x86_64/plugins/com.st.stm32cube.ide.mcu.externaltools.gnu-tools-for-stm32.10.3-2021.10.linux64_1.0.100.202210260954/tools/bin/../lib/gcc/arm-none-eabi/10.3.1/../../../../arm-none-eabi/lib/thumb/v7e-m+fp/hard/libc_nano.a(lib_a-memset.o)
                              /home/herve/.eclipse/com.st.stm32cube.ide.mcu.rcp.product_1.10.1_139059409_linux_gtk_x86_64/plugins/com.st.stm32cube.ide.mcu.externaltools.gnu-tools-for-stm32.10.3-2021.10.linux64_1.0.100.202210260954/tools/bin/../lib/gcc/arm-none-eabi/10.3.1/../../../../arm-none-eabi/lib/thumb/v7e-m+fp/hard/crt0.o (memset)
/home/herve/.eclipse/com.st.stm32cube.ide.mcu.rcp.product_1.10.1_139059409_linux_gtk_x86_64/plugins/com.st.stm32cube.ide.mcu.externaltools.gnu-tools-for-stm32.10.3-2021.10.linux64_1.0.100.202210260954/tools/bin/../lib/gcc/arm-none-eabi/10.3.1/../../../../arm-none-eabi/lib/thumb/v7e-m+fp/hard/libc_nano.a(lib_a-nano-vfprintf_float.o)
                              (_printf_float)
/home/herve/.eclipse/com.st.stm32cube.ide.mcu.rcp.product_1.10.1_139059409_linux_gtk_x86_64/plugins/com.st.stm32cube.ide.mcu.externaltools.gnu-tools-for-stm32.10.3-2021.10.linux64_1.0.100.202210260954/tools/bin/../lib/gcc/arm-none-eabi/10.3.1/../../../../arm-none-eabi/lib/thumb/v7e-m+fp/hard/libc_nano.a(lib_a-nano-vfprintf_i.o)
                              /home/herve/.eclipse/com.st.stm32cube.ide.mcu.rcp.product_1.10.1_139059409_linux_gtk_x86_64/plugins/com.st.stm32cube.ide.mcu.externaltools.gnu-tools-for-stm32.10.3-2021.10.linux64_1.0.100.202210260954/tools/bin/../lib/gcc/arm-none-eabi/10.3.1/../../../../arm-none-eabi/lib/thumb/v7e-m+fp/hard/libc_nano.a(lib_a-nano-vfprintf_float.o) (_printf_common)
/home/herve/.eclipse/com.st.stm32cube.ide.mcu.rcp.product_1.10.1_139059409_linux_gtk_x86_64/plugins/com.st.stm32cube.ide.mcu.externaltools.gnu-tools-for-stm32.10.3-2021.10.linux64_1.0.100.202210260954/tools/bin/../lib/gcc/arm-none-eabi/10.3.1/../../../../arm-none-eabi/lib/thumb/v7e-m+fp/hard/libc_nano.a(lib_a-printf.o)
[...]
Memory Configuration

Name             Origin             Length             Attributes
RAM              0x0000000020000000 0x0000000000018000 xrw
RAM2             0x0000000010000000 0x0000000000008000 xrw
FLASH            0x0000000008000000 0x0000000000100000 xr
*default*        0x0000000000000000 0xffffffffffffffff

Linker script and memory map

LOAD /home/herve/.eclipse/com.st.stm32cube.ide.mcu.rcp.product_1.10.1_139059409_linux_gtk_x86_64/plugins/com.st.stm32cube.ide.mcu.externaltools.gnu-tools-for-stm32.10.3-2021.10.linux64_1.0.100.202210260954/tools/bin/../lib/gcc/arm-none-eabi/10.3.1/thumb/v7e-m+fp/hard/crti.o
LOAD /home/herve/.eclipse/com.st.stm32cube.ide.mcu.rcp.product_1.10.1_139059409_linux_gtk_x86_64/plugins/com.st.stm32cube.ide.mcu.externaltools.gnu-tools-for-stm32.10.3-2021.10.linux64_1.0.100.202210260954/tools/bin/../lib/gcc/arm-none-eabi/10.3.1/thumb/v7e-m+fp/hard/crtbegin.o
LOAD /home/herve/.eclipse/com.st.stm32cube.ide.mcu.rcp.product_1.10.1_139059409_linux_gtk_x86_64/plugins/com.st.stm32cube.ide.mcu.externaltools.gnu-tools-for-stm32.10.3-2021.10.linux64_1.0.100.202210260954/tools/bin/../lib/gcc/arm-none-eabi/10.3.1/../../../../arm-none-eabi/lib/thumb/v7e-m+fp/hard/crt0.o
LOAD ./Application/Startup/startup_stm32l476rgtx.o
LOAD ./Application/User/app_bluenrg_2.o
LOAD ./Application/User/bsp.o
LOAD ./Application/User/gatt_db.o
LOAD ./Application/User/gpio.o
LOAD ./Application/User/hci_tl_interface.o
LOAD ./Application/User/i2c.o
LOAD ./Application/User/main.o
LOAD ./Application/User/sensor.o
LOAD ./Application/User/stm32l4xx_hal_msp.o
LOAD ./Application/User/stm32l4xx_it.o
LOAD ./Application/User/stm32l4xx_nucleo_bus.o
LOAD ./Application/User/syscalls.o
LOAD ./Application/User/sysmem.o
LOAD ./Drivers/BSP/STM32L4xx_Nucleo/stm32l4xx_nucleo.o
LOAD ./Drivers/CMSIS/system_stm32l4xx.o
LOAD ./Drivers/STM32L4xx_HAL_Driver/stm32l4xx_hal.o
LOAD ./Drivers/STM32L4xx_HAL_Driver/stm32l4xx_hal_cortex.o
LOAD ./Drivers/STM32L4xx_HAL_Driver/stm32l4xx_hal_dma.o
LOAD ./Drivers/STM32L4xx_HAL_Driver/stm32l4xx_hal_dma_ex.o
LOAD ./Drivers/STM32L4xx_HAL_Driver/stm32l4xx_hal_exti.o
LOAD ./Drivers/STM32L4xx_HAL_Driver/stm32l4xx_hal_flash.o
LOAD ./Drivers/STM32L4xx_HAL_Driver/stm32l4xx_hal_flash_ex.o
LOAD ./Drivers/STM32L4xx_HAL_Driver/stm32l4xx_hal_flash_ramfunc.o
LOAD ./Drivers/STM32L4xx_HAL_Driver/stm32l4xx_hal_gpio.o
LOAD ./Drivers/STM32L4xx_HAL_Driver/stm32l4xx_hal_i2c.o
LOAD ./Drivers/STM32L4xx_HAL_Driver/stm32l4xx_hal_i2c_ex.o
LOAD ./Drivers/STM32L4xx_HAL_Driver/stm32l4xx_hal_pwr.o
LOAD ./Drivers/STM32L4xx_HAL_Driver/stm32l4xx_hal_pwr_ex.o
LOAD ./Drivers/STM32L4xx_HAL_Driver/stm32l4xx_hal_rcc.o
LOAD ./Drivers/STM32L4xx_HAL_Driver/stm32l4xx_hal_rcc_ex.o
LOAD ./Drivers/STM32L4xx_HAL_Driver/stm32l4xx_hal_spi.o
LOAD ./Drivers/STM32L4xx_HAL_Driver/stm32l4xx_hal_spi_ex.o
LOAD ./Drivers/STM32L4xx_HAL_Driver/stm32l4xx_hal_tim.o
LOAD ./Drivers/STM32L4xx_HAL_Driver/stm32l4xx_hal_tim_ex.o
LOAD ./Drivers/STM32L4xx_HAL_Driver/stm32l4xx_hal_uart.o
LOAD ./Drivers/STM32L4xx_HAL_Driver/stm32l4xx_hal_uart_ex.o
LOAD ./Middlewares/BlueNRG-2/Wireless/BlueNRG-2/Controller/bluenrg1_gap_aci.o
LOAD ./Middlewares/BlueNRG-2/Wireless/BlueNRG-2/Controller/bluenrg1_gatt_aci.o
LOAD ./Middlewares/BlueNRG-2/Wireless/BlueNRG-2/Controller/bluenrg1_hal_aci.o
LOAD ./Middlewares/BlueNRG-2/Wireless/BlueNRG-2/Controller/bluenrg1_l2cap_aci.o
LOAD ./Middlewares/BlueNRG-2/Wireless/BlueNRG-2/HCI_TL/Basic/bluenrg1_devConfig.o
LOAD ./Middlewares/BlueNRG-2/Wireless/BlueNRG-2/HCI_TL/Basic/bluenrg1_events.o
LOAD ./Middlewares/BlueNRG-2/Wireless/BlueNRG-2/HCI_TL/Basic/bluenrg1_events_cb.o
LOAD ./Middlewares/BlueNRG-2/Wireless/BlueNRG-2/HCI_TL/Basic/bluenrg1_hci_le.o
LOAD ./Middlewares/BlueNRG-2/Wireless/BlueNRG-2/HCI_TL/Basic/hci_tl.o
LOAD ./Middlewares/BlueNRG-2/Wireless/BlueNRG-2/Utils/ble_list.o
START GROUP
LOAD /home/herve/.eclipse/com.st.stm32cube.ide.mcu.rcp.product_1.10.1_139059409_linux_gtk_x86_64/plugins/com.st.stm32cube.ide.mcu.externaltools.gnu-tools-for-stm32.10.3-2021.10.linux64_1.0.100.202210260954/tools/bin/../lib/gcc/arm-none-eabi/10.3.1/../../../../arm-none-eabi/lib/thumb/v7e-m+fp/hard/libc_nano.a
LOAD /home/herve/.eclipse/com.st.stm32cube.ide.mcu.rcp.product_1.10.1_139059409_linux_gtk_x86_64/plugins/com.st.stm32cube.ide.mcu.externaltools.gnu-tools-for-stm32.10.3-2021.10.linux64_1.0.100.202210260954/tools/bin/../lib/gcc/arm-none-eabi/10.3.1/../../../../arm-none-eabi/lib/thumb/v7e-m+fp/hard/libm.a
END GROUP
START GROUP
LOAD /home/herve/.eclipse/com.st.stm32cube.ide.mcu.rcp.product_1.10.1_139059409_linux_gtk_x86_64/plugins/com.st.stm32cube.ide.mcu.externaltools.gnu-tools-for-stm32.10.3-2021.10.linux64_1.0.100.202210260954/tools/bin/../lib/gcc/arm-none-eabi/10.3.1/thumb/v7e-m+fp/hard/libgcc.a
LOAD /home/herve/.eclipse/com.st.stm32cube.ide.mcu.rcp.product_1.10.1_139059409_linux_gtk_x86_64/plugins/com.st.stm32cube.ide.mcu.externaltools.gnu-tools-for-stm32.10.3-2021.10.linux64_1.0.100.202210260954/tools/bin/../lib/gcc/arm-none-eabi/10.3.1/../../../../arm-none-eabi/lib/thumb/v7e-m+fp/hard/libc_nano.a
END GROUP
START GROUP
LOAD /home/herve/.eclipse/com.st.stm32cube.ide.mcu.rcp.product_1.10.1_139059409_linux_gtk_x86_64/plugins/com.st.stm32cube.ide.mcu.externaltools.gnu-tools-for-stm32.10.3-2021.10.linux64_1.0.100.202210260954/tools/bin/../lib/gcc/arm-none-eabi/10.3.1/thumb/v7e-m+fp/hard/libgcc.a
LOAD /home/herve/.eclipse/com.st.stm32cube.ide.mcu.rcp.product_1.10.1_139059409_linux_gtk_x86_64/plugins/com.st.stm32cube.ide.mcu.externaltools.gnu-tools-for-stm32.10.3-2021.10.linux64_1.0.100.202210260954/tools/bin/../lib/gcc/arm-none-eabi/10.3.1/../../../../arm-none-eabi/lib/thumb/v7e-m+fp/hard/libc_nano.a
LOAD /home/herve/.eclipse/com.st.stm32cube.ide.mcu.rcp.product_1.10.1_139059409_linux_gtk_x86_64/plugins/com.st.stm32cube.ide.mcu.externaltools.gnu-tools-for-stm32.10.3-2021.10.linux64_1.0.100.202210260954/tools/bin/../lib/gcc/arm-none-eabi/10.3.1/../../../../arm-none-eabi/lib/thumb/v7e-m+fp/hard/libnosys.a
END GROUP
START GROUP
LOAD /home/herve/.eclipse/com.st.stm32cube.ide.mcu.rcp.product_1.10.1_139059409_linux_gtk_x86_64/plugins/com.st.stm32cube.ide.mcu.externaltools.gnu-tools-for-stm32.10.3-2021.10.linux64_1.0.100.202210260954/tools/bin/../lib/gcc/arm-none-eabi/10.3.1/thumb/v7e-m+fp/hard/libgcc.a
LOAD /home/herve/.eclipse/com.st.stm32cube.ide.mcu.rcp.product_1.10.1_139059409_linux_gtk_x86_64/plugins/com.st.stm32cube.ide.mcu.externaltools.gnu-tools-for-stm32.10.3-2021.10.linux64_1.0.100.202210260954/tools/bin/../lib/gcc/arm-none-eabi/10.3.1/../../../../arm-none-eabi/lib/thumb/v7e-m+fp/hard/libc_nano.a
LOAD /home/herve/.eclipse/com.st.stm32cube.ide.mcu.rcp.product_1.10.1_139059409_linux_gtk_x86_64/plugins/com.st.stm32cube.ide.mcu.externaltools.gnu-tools-for-stm32.10.3-2021.10.linux64_1.0.100.202210260954/tools/bin/../lib/gcc/arm-none-eabi/10.3.1/../../../../arm-none-eabi/lib/thumb/v7e-m+fp/hard/libnosys.a
END GROUP
LOAD /home/herve/.eclipse/com.st.stm32cube.ide.mcu.rcp.product_1.10.1_139059409_linux_gtk_x86_64/plugins/com.st.stm32cube.ide.mcu.externaltools.gnu-tools-for-stm32.10.3-2021.10.linux64_1.0.100.202210260954/tools/bin/../lib/gcc/arm-none-eabi/10.3.1/thumb/v7e-m+fp/hard/crtend.o
LOAD /home/herve/.eclipse/com.st.stm32cube.ide.mcu.rcp.product_1.10.1_139059409_linux_gtk_x86_64/plugins/com.st.stm32cube.ide.mcu.externaltools.gnu-tools-for-stm32.10.3-2021.10.linux64_1.0.100.202210260954/tools/bin/../lib/gcc/arm-none-eabi/10.3.1/thumb/v7e-m+fp/hard/crtn.o
                0x0000000020018000                _estack = (ORIGIN (RAM) + LENGTH (RAM))
                0x0000000000000400                _Min_Heap_Size = 0x400
                0x0000000000000800                _Min_Stack_Size = 0x800

.isr_vector     0x0000000008000000      0x188
                0x0000000008000000                . = ALIGN (0x4)
 *(.isr_vector)
 .isr_vector    0x0000000008000000      0x188 ./Application/Startup/startup_stm32l476rgtx.o
                0x0000000008000000                g_pfnVectors
                0x0000000008000188                . = ALIGN (0x4)

.text           0x0000000008000190     0xcb78
                0x0000000008000190                . = ALIGN (0x4)
 *(.text)
 .text          0x0000000008000190       0x40 /home/herve/.eclipse/com.st.stm32cube.ide.mcu.rcp.product_1.10.1_139059409_linux_gtk_x86_64/plugins/com.st.stm32cube.ide.mcu.externaltools.gnu-tools-for-stm32.10.3-2021.10.linux64_1.0.100.202210260954/tools/bin/../lib/gcc/arm-none-eabi/10.3.1/thumb/v7e-m+fp/hard/crtbegin.o
 .text          0x00000000080001d0       0x10 /home/herve/.eclipse/com.st.stm32cube.ide.mcu.rcp.product_1.10.1_139059409_linux_gtk_x86_64/plugins/com.st.stm32cube.ide.mcu.externaltools.gnu-tools-for-stm32.10.3-2021.10.linux64_1.0.100.202210260954/tools/bin/../lib/gcc/arm-none-eabi/10.3.1/../../../../arm-none-eabi/lib/thumb/v7e-m+fp/hard/libc_nano.a(lib_a-strlen.o)
                0x00000000080001d0                strlen
 .text          0x00000000080001e0       0xa0 /home/herve/.eclipse/com.st.stm32cube.ide.mcu.rcp.product_1.10.1_139059409_linux_gtk_x86_64/plugins/com.st.stm32cube.ide.mcu.externaltools.gnu-tools-for-stm32.10.3-2021.10.linux64_1.0.100.202210260954/tools/bin/../lib/gcc/arm-none-eabi/10.3.1/../../../../arm-none-eabi/lib/thumb/v7e-m+fp/hard/libc_nano.a(lib_a-memchr.o)
                0x00000000080001e0                memchr
 .text          0x0000000008000280      0x378 /home/herve/.eclipse/com.st.stm32cube.ide.mcu.rcp.product_1.10.1_139059409_linux_gtk_x86_64/plugins/com.st.stm32cube.ide.mcu.externaltools.gnu-tools-for-stm32.10.3-2021.10.linux64_1.0.100.202210260954/tools/bin/../lib/gcc/arm-none-eabi/10.3.1/thumb/v7e-m+fp/hard/libgcc.a(_arm_addsubdf3.o)
                0x0000000008000280                __aeabi_drsub
                0x0000000008000288                __aeabi_dsub
                0x0000000008000288                __subdf3
                0x000000000800028c                __adddf3
                0x000000000800028c                __aeabi_dadd
                0x0000000008000504                __aeabi_ui2d
                0x0000000008000504                __floatunsidf
                0x0000000008000524                __floatsidf
                0x0000000008000524                __aeabi_i2d
                0x0000000008000548                __extendsfdf2
                0x0000000008000548                __aeabi_f2d
                0x000000000800058c                __aeabi_ul2d
                0x000000000800058c                __floatundidf
                0x000000000800059c                __floatdidf
                0x000000000800059c                __aeabi_l2d
 .text          0x00000000080005f8      0x424 /home/herve/.eclipse/com.st.stm32cube.ide.mcu.rcp.product_1.10.1_139059409_linux_gtk_x86_64/plugins/com.st.stm32cube.ide.mcu.externaltools.gnu-tools-for-stm32.10.3-2021.10.linux64_1.0.100.202210260954/tools/bin/../lib/gcc/arm-none-eabi/10.3.1/thumb/v7e-m+fp/hard/libgcc.a(_arm_muldivdf3.o)
                0x00000000080005f8                __aeabi_dmul
                0x00000000080005f8                __muldf3
                0x000000000800084c                __aeabi_ddiv
                0x000000000800084c                __divdf3
 .text          0x0000000008000a1c      0x110 /home/herve/.eclipse/com.st.stm32cube.ide.mcu.rcp.product_1.10.1_139059409_linux_gtk_x86_64/plugins/com.st.stm32cube.ide.mcu.externaltools.gnu-tools-for-stm32.10.3-2021.10.linux64_1.0.100.202210260954/tools/bin/../lib/gcc/arm-none-eabi/10.3.1/thumb/v7e-m+fp/hard/libgcc.a(_arm_cmpdf2.o)
                0x0000000008000a1c                __gtdf2
                0x0000000008000a1c                __gedf2
                0x0000000008000a24                __ltdf2
                0x0000000008000a24                __ledf2
                0x0000000008000a2c                __cmpdf2
                0x0000000008000a2c                __eqdf2
                0x0000000008000a2c                __nedf2
                0x0000000008000aa8                __aeabi_cdrcmple
                0x0000000008000ab8                __aeabi_cdcmple
                0x0000000008000ab8                __aeabi_cdcmpeq
                0x0000000008000ac8                __aeabi_dcmpeq
                0x0000000008000adc                __aeabi_dcmplt
                0x0000000008000af0                __aeabi_dcmple
                0x0000000008000b04                __aeabi_dcmpge
                0x0000000008000b18                __aeabi_dcmpgt
 .text          0x0000000008000b2c       0x2c /home/herve/.eclipse/com.st.stm32cube.ide.mcu.rcp.product_1.10.1_139059409_linux_gtk_x86_64/plugins/com.st.stm32cube.ide.mcu.externaltools.gnu-tools-for-stm32.10.3-2021.10.linux64_1.0.100.202210260954/tools/bin/../lib/gcc/arm-none-eabi/10.3.1/thumb/v7e-m+fp/hard/libgcc.a(_arm_unorddf2.o)
                0x0000000008000b2c                __aeabi_dcmpun
                0x0000000008000b2c                __unorddf2
 .text          0x0000000008000b58       0x50 /home/herve/.eclipse/com.st.stm32cube.ide.mcu.rcp.product_1.10.1_139059409_linux_gtk_x86_64/plugins/com.st.stm32cube.ide.mcu.externaltools.gnu-tools-for-stm32.10.3-2021.10.linux64_1.0.100.202210260954/tools/bin/../lib/gcc/arm-none-eabi/10.3.1/thumb/v7e-m+fp/hard/libgcc.a(_arm_fixdfsi.o)
                0x0000000008000b58                __fixdfsi
                0x0000000008000b58                __aeabi_d2iz
 .text          0x0000000008000ba8       0x30 /home/herve/.eclipse/com.st.stm32cube.ide.mcu.rcp.product_1.10.1_139059409_linux_gtk_x86_64/plugins/com.st.stm32cube.ide.mcu.externaltools.gnu-tools-for-stm32.10.3-2021.10.linux64_1.0.100.202210260954/tools/bin/../lib/gcc/arm-none-eabi/10.3.1/thumb/v7e-m+fp/hard/libgcc.a(_aeabi_uldivmod.o)
                0x0000000008000ba8                __aeabi_uldivmod
 .text          0x0000000008000bd8      0x2d0 /home/herve/.eclipse/com.st.stm32cube.ide.mcu.rcp.product_1.10.1_139059409_linux_gtk_x86_64/plugins/com.st.stm32cube.ide.mcu.externaltools.gnu-tools-for-stm32.10.3-2021.10.linux64_1.0.100.202210260954/tools/bin/../lib/gcc/arm-none-eabi/10.3.1/thumb/v7e-m+fp/hard/libgcc.a(_udivmoddi4.o)
                0x0000000008000bd8                __udivmoddi4
 .text          0x0000000008000ea8        0x4 /home/herve/.eclipse/com.st.stm32cube.ide.mcu.rcp.product_1.10.1_139059409_linux_gtk_x86_64/plugins/com.st.stm32cube.ide.mcu.externaltools.gnu-tools-for-stm32.10.3-2021.10.linux64_1.0.100.202210260954/tools/bin/../lib/gcc/arm-none-eabi/10.3.1/thumb/v7e-m+fp/hard/libgcc.a(_dvmd_tls.o)
                0x0000000008000ea8                __aeabi_ldiv0
                0x0000000008000ea8                __aeabi_idiv0
 *(.text*)
 .text.Reset_Handler
                0x0000000008000eac       0x50 ./Application/Startup/startup_stm32l476rgtx.o
                0x0000000008000eac                Reset_Handler
 .text.Default_Handler
                0x0000000008000efc        0x2 ./Application/Startup/startup_stm32l476rgtx.o
                0x0000000008000efc                RTC_Alarm_IRQHandler
                0x0000000008000efc                EXTI2_IRQHandler
                0x0000000008000efc                TIM8_TRG_COM_IRQHandler
                0x0000000008000efc                TIM8_CC_IRQHandler
                0x0000000008000efc                TIM1_CC_IRQHandler
                0x0000000008000efc                TSC_IRQHandler
                0x0000000008000efc                TAMP_STAMP_IRQHandler
                0x0000000008000efc                EXTI3_IRQHandler
                0x0000000008000efc                LPTIM2_IRQHandler
                0x0000000008000efc                DFSDM1_FLT1_IRQHandler
                0x0000000008000efc                I2C3_ER_IRQHandler
                0x0000000008000efc                DFSDM1_FLT2_IRQHandler
                0x0000000008000efc                I2C2_EV_IRQHandler
                0x0000000008000efc                CAN1_RX0_IRQHandler
                0x0000000008000efc                FPU_IRQHandler
                0x0000000008000efc                TIM1_UP_TIM16_IRQHandler
                0x0000000008000efc                ADC1_2_IRQHandler
                0x0000000008000efc                SPI1_IRQHandler
                0x0000000008000efc                TIM6_DAC_IRQHandler
                0x0000000008000efc                TIM8_UP_IRQHandler
                0x0000000008000efc                DMA2_Channel2_IRQHandler
                0x0000000008000efc                DMA1_Channel4_IRQHandler
                0x0000000008000efc                SAI2_IRQHandler
                0x0000000008000efc                DFSDM1_FLT3_IRQHandler
                0x0000000008000efc                USART3_IRQHandler
                0x0000000008000efc                DMA1_Channel7_IRQHandler
                0x0000000008000efc                CAN1_RX1_IRQHandler
                0x0000000008000efc                LCD_IRQHandler
                0x0000000008000efc                UART5_IRQHandler
                0x0000000008000efc                ADC3_IRQHandler
                0x0000000008000efc                TIM4_IRQHandler
                0x0000000008000efc                DMA2_Channel1_IRQHandler
                0x0000000008000efc                QUADSPI_IRQHandler
                0x0000000008000efc                I2C1_EV_IRQHandler
                0x0000000008000efc                DMA1_Channel6_IRQHandler
                0x0000000008000efc                UART4_IRQHandler
                0x0000000008000efc                DMA2_Channel4_IRQHandler
                0x0000000008000efc                TIM3_IRQHandler
                0x0000000008000efc                RCC_IRQHandler
                0x0000000008000efc                DMA1_Channel1_IRQHandler
                0x0000000008000efc                Default_Handler
                0x0000000008000efc                DMA2_Channel7_IRQHandler
                0x0000000008000efc                TIM7_IRQHandler
                0x0000000008000efc                SDMMC1_IRQHandler
                0x0000000008000efc                TIM5_IRQHandler
                0x0000000008000efc                I2C3_EV_IRQHandler
                0x0000000008000efc                EXTI9_5_IRQHandler
                0x0000000008000efc                RTC_WKUP_IRQHandler
                0x0000000008000efc                PVD_PVM_IRQHandler
                0x0000000008000efc                SPI2_IRQHandler
                0x0000000008000efc                CAN1_TX_IRQHandler
                0x0000000008000efc                DMA2_Channel5_IRQHandler
                0x0000000008000efc                DMA1_Channel5_IRQHandler
                0x0000000008000efc                EXTI4_IRQHandler
                0x0000000008000efc                RNG_IRQHandler
                0x0000000008000efc                TIM1_TRG_COM_TIM17_IRQHandler
                0x0000000008000efc                DMA1_Channel3_IRQHandler
                0x0000000008000efc                COMP_IRQHandler
                0x0000000008000efc                WWDG_IRQHandler
                0x0000000008000efc                LPUART1_IRQHandler
                0x0000000008000efc                DMA2_Channel6_IRQHandler
                0x0000000008000efc                TIM2_IRQHandler
                0x0000000008000efc                EXTI1_IRQHandler
                0x0000000008000efc                USART2_IRQHandler
                0x0000000008000efc                DFSDM1_FLT0_IRQHandler
                0x0000000008000efc                I2C2_ER_IRQHandler
                0x0000000008000efc                DMA1_Channel2_IRQHandler
                0x0000000008000efc                TIM8_BRK_IRQHandler
                0x0000000008000efc                CAN1_SCE_IRQHandler
                0x0000000008000efc                FLASH_IRQHandler
                0x0000000008000efc                USART1_IRQHandler
                0x0000000008000efc                OTG_FS_IRQHandler
                0x0000000008000efc                SPI3_IRQHandler
                0x0000000008000efc                I2C1_ER_IRQHandler
                0x0000000008000efc                FMC_IRQHandler
                0x0000000008000efc                SWPMI1_IRQHandler
                0x0000000008000efc                LPTIM1_IRQHandler
                0x0000000008000efc                SAI1_IRQHandler
                0x0000000008000efc                DMA2_Channel3_IRQHandler
                0x0000000008000efc                TIM1_BRK_TIM15_IRQHandler
 *fill*         0x0000000008000efe        0x2 
 .text.MX_BlueNRG_2_Init
                0x0000000008000f00       0x68 ./Application/User/app_bluenrg_2.o
                0x0000000008000f00                MX_BlueNRG_2_Init
 .text.MX_BlueNRG_2_Process
                0x0000000008000f68       0x10 ./Application/User/app_bluenrg_2.o
                0x0000000008000f68                MX_BlueNRG_2_Process
 .text.User_Init
                0x0000000008000f78       0x1c ./Application/User/app_bluenrg_2.o
 .text.Sensor_DeviceInit
                0x0000000008000f94      0x208 ./Application/User/app_bluenrg_2.o
 .text.User_Process
                0x000000000800119c      0x100 ./Application/User/app_bluenrg_2.o
 .text.Set_Random_Environmental_Values
                0x000000000800129c       0x2c ./Application/User/app_bluenrg_2.o
 .text.Set_Random_Motion_Values
                0x00000000080012c8     0x10dc ./Application/User/app_bluenrg_2.o
 .text.Reset_Motion_Values
                0x00000000080023a4      0x1d4 ./Application/User/app_bluenrg_2.o
 .text.getBlueNRGVersion
                0x0000000008002578       0x88 ./Application/User/app_bluenrg_2.o
                0x0000000008002578                getBlueNRGVersion
 .text.BSP_PB_Callback
                0x0000000008002600       0x20 ./Application/User/app_bluenrg_2.o
                0x0000000008002600                BSP_PB_Callback
 .text.hci_le_connection_complete_event
                0x0000000008002620       0x40 ./Application/User/app_bluenrg_2.o
                0x0000000008002620                hci_le_connection_complete_event
 .text.hci_disconnection_complete_event
                0x0000000008002660       0x48 ./Application/User/app_bluenrg_2.o
                0x0000000008002660                hci_disconnection_complete_event
 .text.aci_gatt_read_permit_req_event
                0x00000000080026a8       0x22 ./Application/User/app_bluenrg_2.o
                0x00000000080026a8                aci_gatt_read_permit_req_event
 *fill*         0x00000000080026ca        0x2 
 .text.Add_HWServW2ST_Service
                0x00000000080026cc      0x1b4 ./Application/User/gatt_db.o
                0x00000000080026cc                Add_HWServW2ST_Service
 .text.Add_SWServW2ST_Service
                0x0000000008002880      0x120 ./Application/User/gatt_db.o
                0x0000000008002880                Add_SWServW2ST_Service
 .text.Acc_Update
                0x00000000080029a0      0x124 ./Application/User/gatt_db.o
                0x00000000080029a0                Acc_Update
 .text.Quat_Update
                0x0000000008002ac4       0x9c ./Application/User/gatt_db.o
                0x0000000008002ac4                Quat_Update
 .text.Read_Request_CB
                0x0000000008002b60       0xc0 ./Application/User/gatt_db.o
                0x0000000008002b60                Read_Request_CB
 .text.Environmental_Update
                0x0000000008002c20       0x88 ./Application/User/gatt_db.o
                0x0000000008002c20                Environmental_Update
 .text.MX_GPIO_Init
                0x0000000008002ca8       0xec ./Application/User/gpio.o
                0x0000000008002ca8                MX_GPIO_Init
 .text.HCI_TL_SPI_Enable_IRQ
                0x0000000008002d94        0xe ./Application/User/hci_tl_interface.o
 .text.HCI_TL_SPI_Disable_IRQ
                0x0000000008002da2        0xe ./Application/User/hci_tl_interface.o
 .text.HCI_TL_SPI_Init
                0x0000000008002db0       0x98 ./Application/User/hci_tl_interface.o
                0x0000000008002db0                HCI_TL_SPI_Init
 .text.HCI_TL_SPI_DeInit
                0x0000000008002e48       0x2a ./Application/User/hci_tl_interface.o
                0x0000000008002e48                HCI_TL_SPI_DeInit
 .text.HCI_TL_SPI_Reset
                0x0000000008002e72       0x3e ./Application/User/hci_tl_interface.o
                0x0000000008002e72                HCI_TL_SPI_Reset
 .text.HCI_TL_SPI_Receive
                0x0000000008002eb0       0xb8 ./Application/User/hci_tl_interface.o
                0x0000000008002eb0                HCI_TL_SPI_Receive
 .text.HCI_TL_SPI_Send
                0x0000000008002f68       0xf0 ./Application/User/hci_tl_interface.o
                0x0000000008002f68                HCI_TL_SPI_Send
 .text.IsDataAvailable
                0x0000000008003058       0x1e ./Application/User/hci_tl_interface.o
 *fill*         0x0000000008003076        0x2 
 .text.hci_tl_lowlevel_init
                0x0000000008003078       0x74 ./Application/User/hci_tl_interface.o
                0x0000000008003078                hci_tl_lowlevel_init
 .text.hci_tl_lowlevel_isr
                0x00000000080030ec       0x22 ./Application/User/hci_tl_interface.o
                0x00000000080030ec                hci_tl_lowlevel_isr
 *fill*         0x000000000800310e        0x2 
 .text.MX_I2C1_Init
                0x0000000008003110       0x80 ./Application/User/i2c.o
                0x0000000008003110                MX_I2C1_Init
 .text.HAL_I2C_MspInit
                0x0000000008003190       0xbc ./Application/User/i2c.o
                0x0000000008003190                HAL_I2C_MspInit
 .text.main     0x000000000800324c       0x1e ./Application/User/main.o
                0x000000000800324c                main
 .text.SystemClock_Config
                0x000000000800326a       0xa2 ./Application/User/main.o
                0x000000000800326a                SystemClock_Config
 .text.Error_Handler
                0x000000000800330c        0xa ./Application/User/main.o
                0x000000000800330c                Error_Handler
 *fill*         0x0000000008003316        0x2 
 .text.Set_DeviceConnectable
                0x0000000008003318      0x118 ./Application/User/sensor.o
                0x0000000008003318                Set_DeviceConnectable
 .text.APP_UserEvtRx
                0x0000000008003430       0xf0 ./Application/User/sensor.o
                0x0000000008003430                APP_UserEvtRx
 .text.HAL_MspInit
                0x0000000008003520       0x48 ./Application/User/stm32l4xx_hal_msp.o
                0x0000000008003520                HAL_MspInit
 .text.NMI_Handler
                0x0000000008003568        0x6 ./Application/User/stm32l4xx_it.o
                0x0000000008003568                NMI_Handler
 .text.HardFault_Handler
                0x000000000800356e        0x6 ./Application/User/stm32l4xx_it.o
                0x000000000800356e                HardFault_Handler
 .text.MemManage_Handler
                0x0000000008003574        0x6 ./Application/User/stm32l4xx_it.o
                0x0000000008003574                MemManage_Handler
 .text.BusFault_Handler
                0x000000000800357a        0x6 ./Application/User/stm32l4xx_it.o
                0x000000000800357a                BusFault_Handler
 .text.UsageFault_Handler
                0x0000000008003580        0x6 ./Application/User/stm32l4xx_it.o
                0x0000000008003580                UsageFault_Handler
 .text.SVC_Handler
                0x0000000008003586        0xe ./Application/User/stm32l4xx_it.o
                0x0000000008003586                SVC_Handler
 .text.DebugMon_Handler
                0x0000000008003594        0xe ./Application/User/stm32l4xx_it.o
                0x0000000008003594                DebugMon_Handler
 .text.PendSV_Handler
                0x00000000080035a2        0xe ./Application/User/stm32l4xx_it.o
                0x00000000080035a2                PendSV_Handler
 .text.SysTick_Handler
                0x00000000080035b0        0xc ./Application/User/stm32l4xx_it.o
                0x00000000080035b0                SysTick_Handler
 .text.EXTI0_IRQHandler
                0x00000000080035bc       0x14 ./Application/User/stm32l4xx_it.o
                0x00000000080035bc                EXTI0_IRQHandler
 .text.EXTI15_10_IRQHandler
                0x00000000080035d0       0x14 ./Application/User/stm32l4xx_it.o
                0x00000000080035d0                EXTI15_10_IRQHandler
 .text.BSP_SPI1_Init
                0x00000000080035e4       0x60 ./Application/User/stm32l4xx_nucleo_bus.o
                0x00000000080035e4                BSP_SPI1_Init
 .text.BSP_SPI1_SendRecv
                0x0000000008003644       0x40 ./Application/User/stm32l4xx_nucleo_bus.o
                0x0000000008003644                BSP_SPI1_SendRecv
 .text.BSP_GetTick
                0x0000000008003684        0xe ./Application/User/stm32l4xx_nucleo_bus.o
                0x0000000008003684                BSP_GetTick
 *fill*         0x0000000008003692        0x2 
 .text.MX_SPI1_Init
                0x0000000008003694       0x84 ./Application/User/stm32l4xx_nucleo_bus.o
                0x0000000008003694                MX_SPI1_Init
 .text.SPI1_MspInit
                0x0000000008003718       0xc4 ./Application/User/stm32l4xx_nucleo_bus.o
 .text._getpid  0x00000000080037dc       0x10 ./Application/User/syscalls.o
                0x00000000080037dc                _getpid
 .text._kill    0x00000000080037ec       0x20 ./Application/User/syscalls.o
                0x00000000080037ec                _kill
 .text._exit    0x000000000800380c       0x14 ./Application/User/syscalls.o
                0x000000000800380c                _exit
 .text._read    0x0000000008003820       0x3a ./Application/User/syscalls.o
                0x0000000008003820                _read
 .text._write   0x000000000800385a       0x38 ./Application/User/syscalls.o
                0x000000000800385a                _write
 .text._close   0x0000000008003892       0x18 ./Application/User/syscalls.o
                0x0000000008003892                _close
 .text._fstat   0x00000000080038aa       0x20 ./Application/User/syscalls.o
                0x00000000080038aa                _fstat
 .text._isatty  0x00000000080038ca       0x16 ./Application/User/syscalls.o
                0x00000000080038ca                _isatty
 .text._lseek   0x00000000080038e0       0x1a ./Application/User/syscalls.o
                0x00000000080038e0                _lseek
 *fill*         0x00000000080038fa        0x2 
 .text._sbrk    0x00000000080038fc       0x6c ./Application/User/sysmem.o
                0x00000000080038fc                _sbrk
 .text.BSP_LED_Init
                0x0000000008003968       0x24 ./Drivers/BSP/STM32L4xx_Nucleo/stm32l4xx_nucleo.o
                0x0000000008003968                BSP_LED_Init
 .text.BSP_LED_On
                0x000000000800398c       0x2c ./Drivers/BSP/STM32L4xx_Nucleo/stm32l4xx_nucleo.o
                0x000000000800398c                BSP_LED_On
 .text.BSP_LED_Off
                0x00000000080039b8       0x2c ./Drivers/BSP/STM32L4xx_Nucleo/stm32l4xx_nucleo.o
                0x00000000080039b8                BSP_LED_Off
 .text.BSP_LED_Toggle
                0x00000000080039e4       0x2c ./Drivers/BSP/STM32L4xx_Nucleo/stm32l4xx_nucleo.o
                0x00000000080039e4                BSP_LED_Toggle
 .text.LED_USER_GPIO_Init
                0x0000000008003a10        0xe ./Drivers/BSP/STM32L4xx_Nucleo/stm32l4xx_nucleo.o
 *fill*         0x0000000008003a1e        0x2 
 .text.BSP_PB_Init
                0x0000000008003a20       0xa8 ./Drivers/BSP/STM32L4xx_Nucleo/stm32l4xx_nucleo.o
                0x0000000008003a20                BSP_PB_Init
 .text.BSP_PB_GetState
                0x0000000008003ac8       0x38 ./Drivers/BSP/STM32L4xx_Nucleo/stm32l4xx_nucleo.o
                0x0000000008003ac8                BSP_PB_GetState
 .text.BUTTON_USER_EXTI_Callback
                0x0000000008003b00        0xe ./Drivers/BSP/STM32L4xx_Nucleo/stm32l4xx_nucleo.o
 .text.BUTTON_USER_GPIO_Init
                0x0000000008003b0e        0xe ./Drivers/BSP/STM32L4xx_Nucleo/stm32l4xx_nucleo.o
 .text.BSP_COM_Init
                0x0000000008003b1c       0x7c ./Drivers/BSP/STM32L4xx_Nucleo/stm32l4xx_nucleo.o
                0x0000000008003b1c                BSP_COM_Init
 .text.MX_USART2_UART_Init
                0x0000000008003b98       0x68 ./Drivers/BSP/STM32L4xx_Nucleo/stm32l4xx_nucleo.o
                0x0000000008003b98                MX_USART2_UART_Init
 .text.__io_putchar
                0x0000000008003c00       0x38 ./Drivers/BSP/STM32L4xx_Nucleo/stm32l4xx_nucleo.o
                0x0000000008003c00                __io_putchar
 .text.USART2_MspInit
                0x0000000008003c38       0xbc ./Drivers/BSP/STM32L4xx_Nucleo/stm32l4xx_nucleo.o
 .text.SystemInit
                0x0000000008003cf4       0x24 ./Drivers/CMSIS/system_stm32l4xx.o
                0x0000000008003cf4                SystemInit
 .text.HAL_Init
                0x0000000008003d18       0x40 ./Drivers/STM32L4xx_HAL_Driver/stm32l4xx_hal.o
                0x0000000008003d18                HAL_Init
 .text.HAL_InitTick
                0x0000000008003d58       0x78 ./Drivers/STM32L4xx_HAL_Driver/stm32l4xx_hal.o
                0x0000000008003d58                HAL_InitTick
 .text.HAL_IncTick
                0x0000000008003dd0       0x28 ./Drivers/STM32L4xx_HAL_Driver/stm32l4xx_hal.o
                0x0000000008003dd0                HAL_IncTick
 .text.HAL_GetTick
                0x0000000008003df8       0x18 ./Drivers/STM32L4xx_HAL_Driver/stm32l4xx_hal.o
                0x0000000008003df8                HAL_GetTick
 .text.HAL_Delay
                0x0000000008003e10       0x48 ./Drivers/STM32L4xx_HAL_Driver/stm32l4xx_hal.o
                0x0000000008003e10                HAL_Delay
 .text.__NVIC_SetPriorityGrouping
                0x0000000008003e58       0x48 ./Drivers/STM32L4xx_HAL_Driver/stm32l4xx_hal_cortex.o
 .text.__NVIC_GetPriorityGrouping
                0x0000000008003ea0       0x1c ./Drivers/STM32L4xx_HAL_Driver/stm32l4xx_hal_cortex.o
 .text.__NVIC_EnableIRQ
                0x0000000008003ebc       0x3c ./Drivers/STM32L4xx_HAL_Driver/stm32l4xx_hal_cortex.o
 .text.__NVIC_DisableIRQ
                0x0000000008003ef8       0x48 ./Drivers/STM32L4xx_HAL_Driver/stm32l4xx_hal_cortex.o
 .text.__NVIC_SetPriority
                0x0000000008003f40       0x54 ./Drivers/STM32L4xx_HAL_Driver/stm32l4xx_hal_cortex.o
 .text.NVIC_EncodePriority
                0x0000000008003f94       0x66 ./Drivers/STM32L4xx_HAL_Driver/stm32l4xx_hal_cortex.o
 *fill*         0x0000000008003ffa        0x2 
 .text.SysTick_Config
                0x0000000008003ffc       0x44 ./Drivers/STM32L4xx_HAL_Driver/stm32l4xx_hal_cortex.o
 .text.HAL_NVIC_SetPriorityGrouping
                0x0000000008004040       0x16 ./Drivers/STM32L4xx_HAL_Driver/stm32l4xx_hal_cortex.o
                0x0000000008004040                HAL_NVIC_SetPriorityGrouping
 .text.HAL_NVIC_SetPriority
                0x0000000008004056       0x38 ./Drivers/STM32L4xx_HAL_Driver/stm32l4xx_hal_cortex.o
                0x0000000008004056                HAL_NVIC_SetPriority
 .text.HAL_NVIC_EnableIRQ
                0x000000000800408e       0x1c ./Drivers/STM32L4xx_HAL_Driver/stm32l4xx_hal_cortex.o
                0x000000000800408e                HAL_NVIC_EnableIRQ
 .text.HAL_NVIC_DisableIRQ
                0x00000000080040aa       0x1c ./Drivers/STM32L4xx_HAL_Driver/stm32l4xx_hal_cortex.o
                0x00000000080040aa                HAL_NVIC_DisableIRQ
 .text.HAL_SYSTICK_Config
                0x00000000080040c6       0x18 ./Drivers/STM32L4xx_HAL_Driver/stm32l4xx_hal_cortex.o
                0x00000000080040c6                HAL_SYSTICK_Config
 .text.HAL_EXTI_RegisterCallback
                0x00000000080040de       0x34 ./Drivers/STM32L4xx_HAL_Driver/stm32l4xx_hal_exti.o
                0x00000000080040de                HAL_EXTI_RegisterCallback
 .text.HAL_EXTI_GetHandle
                0x0000000008004112       0x28 ./Drivers/STM32L4xx_HAL_Driver/stm32l4xx_hal_exti.o
                0x0000000008004112                HAL_EXTI_GetHandle
 *fill*         0x000000000800413a        0x2 
 .text.HAL_EXTI_IRQHandler
                0x000000000800413c       0x60 ./Drivers/STM32L4xx_HAL_Driver/stm32l4xx_hal_exti.o
                0x000000000800413c                HAL_EXTI_IRQHandler
 .text.HAL_GPIO_Init
                0x000000000800419c      0x354 ./Drivers/STM32L4xx_HAL_Driver/stm32l4xx_hal_gpio.o
                0x000000000800419c                HAL_GPIO_Init
 .text.HAL_GPIO_DeInit
                0x00000000080044f0      0x1e8 ./Drivers/STM32L4xx_HAL_Driver/stm32l4xx_hal_gpio.o
                0x00000000080044f0                HAL_GPIO_DeInit
 .text.HAL_GPIO_ReadPin
                0x00000000080046d8       0x30 ./Drivers/STM32L4xx_HAL_Driver/stm32l4xx_hal_gpio.o
                0x00000000080046d8                HAL_GPIO_ReadPin
 .text.HAL_GPIO_WritePin
                0x0000000008004708       0x30 ./Drivers/STM32L4xx_HAL_Driver/stm32l4xx_hal_gpio.o
                0x0000000008004708                HAL_GPIO_WritePin
 .text.HAL_GPIO_TogglePin
                0x0000000008004738       0x34 ./Drivers/STM32L4xx_HAL_Driver/stm32l4xx_hal_gpio.o
                0x0000000008004738                HAL_GPIO_TogglePin
 .text.HAL_I2C_Init
                0x000000000800476c      0x11e ./Drivers/STM32L4xx_HAL_Driver/stm32l4xx_hal_i2c.o
                0x000000000800476c                HAL_I2C_Init
 .text.HAL_I2CEx_ConfigAnalogFilter
                0x000000000800488a       0x96 ./Drivers/STM32L4xx_HAL_Driver/stm32l4xx_hal_i2c_ex.o
                0x000000000800488a                HAL_I2CEx_ConfigAnalogFilter
 .text.HAL_I2CEx_ConfigDigitalFilter
                0x0000000008004920       0x98 ./Drivers/STM32L4xx_HAL_Driver/stm32l4xx_hal_i2c_ex.o
                0x0000000008004920                HAL_I2CEx_ConfigDigitalFilter
 .text.HAL_PWREx_GetVoltageRange
                0x00000000080049b8       0x1c ./Drivers/STM32L4xx_HAL_Driver/stm32l4xx_hal_pwr_ex.o
                0x00000000080049b8                HAL_PWREx_GetVoltageRange
 .text.HAL_PWREx_ControlVoltageScaling
                0x00000000080049d4       0xac ./Drivers/STM32L4xx_HAL_Driver/stm32l4xx_hal_pwr_ex.o
                0x00000000080049d4                HAL_PWREx_ControlVoltageScaling
 .text.HAL_RCC_OscConfig
                0x0000000008004a80      0x7b8 ./Drivers/STM32L4xx_HAL_Driver/stm32l4xx_hal_rcc.o
                0x0000000008004a80                HAL_RCC_OscConfig
 .text.HAL_RCC_ClockConfig
                0x0000000008005238      0x200 ./Drivers/STM32L4xx_HAL_Driver/stm32l4xx_hal_rcc.o
                0x0000000008005238                HAL_RCC_ClockConfig
 .text.HAL_RCC_GetSysClockFreq
                0x0000000008005438      0x118 ./Drivers/STM32L4xx_HAL_Driver/stm32l4xx_hal_rcc.o
                0x0000000008005438                HAL_RCC_GetSysClockFreq
 .text.HAL_RCC_GetHCLKFreq
                0x0000000008005550       0x18 ./Drivers/STM32L4xx_HAL_Driver/stm32l4xx_hal_rcc.o
                0x0000000008005550                HAL_RCC_GetHCLKFreq
 .text.HAL_RCC_GetPCLK1Freq
                0x0000000008005568       0x2c ./Drivers/STM32L4xx_HAL_Driver/stm32l4xx_hal_rcc.o
                0x0000000008005568                HAL_RCC_GetPCLK1Freq
 .text.HAL_RCC_GetPCLK2Freq
                0x0000000008005594       0x2c ./Drivers/STM32L4xx_HAL_Driver/stm32l4xx_hal_rcc.o
                0x0000000008005594                HAL_RCC_GetPCLK2Freq
 .text.RCC_SetFlashLatencyFromMSIRange
                0x00000000080055c0       0xc0 ./Drivers/STM32L4xx_HAL_Driver/stm32l4xx_hal_rcc.o
 .text.HAL_RCCEx_PeriphCLKConfig
                0x0000000008005680      0x5d4 ./Drivers/STM32L4xx_HAL_Driver/stm32l4xx_hal_rcc_ex.o
                0x0000000008005680                HAL_RCCEx_PeriphCLKConfig
 .text.RCCEx_PLLSAI1_Config
                0x0000000008005c54      0x1e8 ./Drivers/STM32L4xx_HAL_Driver/stm32l4xx_hal_rcc_ex.o
 .text.RCCEx_PLLSAI2_Config
                0x0000000008005e3c      0x1bc ./Drivers/STM32L4xx_HAL_Driver/stm32l4xx_hal_rcc_ex.o
 .text.HAL_SPI_Init
                0x0000000008005ff8      0x146 ./Drivers/STM32L4xx_HAL_Driver/stm32l4xx_hal_spi.o
                0x0000000008005ff8                HAL_SPI_Init
 .text.HAL_SPI_MspInit
                0x000000000800613e       0x14 ./Drivers/STM32L4xx_HAL_Driver/stm32l4xx_hal_spi.o
                0x000000000800613e                HAL_SPI_MspInit
 .text.HAL_SPI_TransmitReceive
                0x0000000008006152      0x426 ./Drivers/STM32L4xx_HAL_Driver/stm32l4xx_hal_spi.o
                0x0000000008006152                HAL_SPI_TransmitReceive
 .text.HAL_SPI_GetState
                0x0000000008006578       0x1c ./Drivers/STM32L4xx_HAL_Driver/stm32l4xx_hal_spi.o
                0x0000000008006578                HAL_SPI_GetState
 .text.SPI_WaitFlagStateUntilTimeout
                0x0000000008006594      0x110 ./Drivers/STM32L4xx_HAL_Driver/stm32l4xx_hal_spi.o
 .text.SPI_WaitFifoStateUntilTimeout
                0x00000000080066a4      0x12c ./Drivers/STM32L4xx_HAL_Driver/stm32l4xx_hal_spi.o
 .text.SPI_EndRxTxTransaction
                0x00000000080067d0       0x8c ./Drivers/STM32L4xx_HAL_Driver/stm32l4xx_hal_spi.o
 .text.HAL_UART_Init
                0x000000000800685c       0x9c ./Drivers/STM32L4xx_HAL_Driver/stm32l4xx_hal_uart.o
                0x000000000800685c                HAL_UART_Init
 .text.HAL_UART_MspInit
                0x00000000080068f8       0x14 ./Drivers/STM32L4xx_HAL_Driver/stm32l4xx_hal_uart.o
                0x00000000080068f8                HAL_UART_MspInit
 .text.HAL_UART_Transmit
                0x000000000800690c      0x128 ./Drivers/STM32L4xx_HAL_Driver/stm32l4xx_hal_uart.o
                0x000000000800690c                HAL_UART_Transmit
 .text.UART_SetConfig
                0x0000000008006a34      0x570 ./Drivers/STM32L4xx_HAL_Driver/stm32l4xx_hal_uart.o
                0x0000000008006a34                UART_SetConfig
 .text.UART_AdvFeatureConfig
                0x0000000008006fa4      0x144 ./Drivers/STM32L4xx_HAL_Driver/stm32l4xx_hal_uart.o
                0x0000000008006fa4                UART_AdvFeatureConfig
 .text.UART_CheckIdleState
                0x00000000080070e8       0x92 ./Drivers/STM32L4xx_HAL_Driver/stm32l4xx_hal_uart.o
                0x00000000080070e8                UART_CheckIdleState
 .text.UART_WaitOnFlagUntilTimeout
                0x000000000800717a      0x188 ./Drivers/STM32L4xx_HAL_Driver/stm32l4xx_hal_uart.o
                0x000000000800717a                UART_WaitOnFlagUntilTimeout
 .text.aci_gap_set_discoverable
                0x0000000008007302      0x206 ./Middlewares/BlueNRG-2/Wireless/BlueNRG-2/Controller/bluenrg1_gap_aci.o
                0x0000000008007302                aci_gap_set_discoverable
 .text.aci_gap_set_authentication_requirement
                0x0000000008007508      0x19a ./Middlewares/BlueNRG-2/Wireless/BlueNRG-2/Controller/bluenrg1_gap_aci.o
                0x0000000008007508                aci_gap_set_authentication_requirement
 .text.aci_gap_init
                0x00000000080076a2      0x15a ./Middlewares/BlueNRG-2/Wireless/BlueNRG-2/Controller/bluenrg1_gap_aci.o
                0x00000000080076a2                aci_gap_init
 .text.aci_gap_update_adv_data
                0x00000000080077fc       0xf6 ./Middlewares/BlueNRG-2/Wireless/BlueNRG-2/Controller/bluenrg1_gap_aci.o
                0x00000000080077fc                aci_gap_update_adv_data
 .text.aci_gatt_init
                0x00000000080078f2       0x54 ./Middlewares/BlueNRG-2/Wireless/BlueNRG-2/Controller/bluenrg1_gatt_aci.o
                0x00000000080078f2                aci_gatt_init
 .text.aci_gatt_add_service
                0x0000000008007946      0x1ac ./Middlewares/BlueNRG-2/Wireless/BlueNRG-2/Controller/bluenrg1_gatt_aci.o
                0x0000000008007946                aci_gatt_add_service
 .text.aci_gatt_add_char
                0x0000000008007af2      0x210 ./Middlewares/BlueNRG-2/Wireless/BlueNRG-2/Controller/bluenrg1_gatt_aci.o
                0x0000000008007af2                aci_gatt_add_char
 .text.aci_gatt_update_char_value
                0x0000000008007d02      0x164 ./Middlewares/BlueNRG-2/Wireless/BlueNRG-2/Controller/bluenrg1_gatt_aci.o
                0x0000000008007d02                aci_gatt_update_char_value
 .text.aci_gatt_allow_read
                0x0000000008007e66       0xbc ./Middlewares/BlueNRG-2/Wireless/BlueNRG-2/Controller/bluenrg1_gatt_aci.o
                0x0000000008007e66                aci_gatt_allow_read
 .text.aci_hal_read_config_data
                0x0000000008007f22      0x108 ./Middlewares/BlueNRG-2/Wireless/BlueNRG-2/Controller/bluenrg1_hal_aci.o
                0x0000000008007f22                aci_hal_read_config_data
 .text.aci_hal_set_tx_power_level
                0x000000000800802a       0xe0 ./Middlewares/BlueNRG-2/Wireless/BlueNRG-2/Controller/bluenrg1_hal_aci.o
                0x000000000800802a                aci_hal_set_tx_power_level
 .text.hci_disconnection_complete_event_process
                0x000000000800810a       0x30 ./Middlewares/BlueNRG-2/Wireless/BlueNRG-2/HCI_TL/Basic/bluenrg1_events.o
                0x000000000800810a                hci_disconnection_complete_event_process
 .text.hci_encryption_change_event_process
                0x000000000800813a       0x30 ./Middlewares/BlueNRG-2/Wireless/BlueNRG-2/HCI_TL/Basic/bluenrg1_events.o
                0x000000000800813a                hci_encryption_change_event_process
 .text.hci_read_remote_version_information_complete_event_process
                0x000000000800816a       0x3e ./Middlewares/BlueNRG-2/Wireless/BlueNRG-2/HCI_TL/Basic/bluenrg1_events.o
                0x000000000800816a                hci_read_remote_version_information_complete_event_process
 .text.hci_hardware_error_event_process
                0x00000000080081a8       0x24 ./Middlewares/BlueNRG-2/Wireless/BlueNRG-2/HCI_TL/Basic/bluenrg1_events.o
                0x00000000080081a8                hci_hardware_error_event_process
 .text.hci_number_of_completed_packets_event_process
                0x00000000080081cc       0xae ./Middlewares/BlueNRG-2/Wireless/BlueNRG-2/HCI_TL/Basic/bluenrg1_events.o
                0x00000000080081cc                hci_number_of_completed_packets_event_process
 .text.hci_data_buffer_overflow_event_process
                0x000000000800827a       0x24 ./Middlewares/BlueNRG-2/Wireless/BlueNRG-2/HCI_TL/Basic/bluenrg1_events.o
                0x000000000800827a                hci_data_buffer_overflow_event_process
 .text.hci_encryption_key_refresh_complete_event_process
                0x000000000800829e       0x2e ./Middlewares/BlueNRG-2/Wireless/BlueNRG-2/HCI_TL/Basic/bluenrg1_events.o
                0x000000000800829e                hci_encryption_key_refresh_complete_event_process
 .text.aci_blue_initialized_event_process
                0x00000000080082cc       0x24 ./Middlewares/BlueNRG-2/Wireless/BlueNRG-2/HCI_TL/Basic/bluenrg1_events.o
                0x00000000080082cc                aci_blue_initialized_event_process
 .text.aci_blue_events_lost_event_process
                0x00000000080082f0       0x22 ./Middlewares/BlueNRG-2/Wireless/BlueNRG-2/HCI_TL/Basic/bluenrg1_events.o
                0x00000000080082f0                aci_blue_events_lost_event_process
 .text.aci_blue_crash_info_event_process
                0x0000000008008312       0x84 ./Middlewares/BlueNRG-2/Wireless/BlueNRG-2/HCI_TL/Basic/bluenrg1_events.o
                0x0000000008008312                aci_blue_crash_info_event_process
 .text.aci_hal_end_of_radio_activity_event_process
                0x0000000008008396       0x2e ./Middlewares/BlueNRG-2/Wireless/BlueNRG-2/HCI_TL/Basic/bluenrg1_events.o
                0x0000000008008396                aci_hal_end_of_radio_activity_event_process
 .text.aci_hal_scan_req_report_event_process
                0x00000000080083c4       0x2e ./Middlewares/BlueNRG-2/Wireless/BlueNRG-2/HCI_TL/Basic/bluenrg1_events.o
                0x00000000080083c4                aci_hal_scan_req_report_event_process
 .text.aci_hal_fw_error_event_process
                0x00000000080083f2       0x2c ./Middlewares/BlueNRG-2/Wireless/BlueNRG-2/HCI_TL/Basic/bluenrg1_events.o
                0x00000000080083f2                aci_hal_fw_error_event_process
 .text.aci_gap_limited_discoverable_event_process
                0x000000000800841e       0x1a ./Middlewares/BlueNRG-2/Wireless/BlueNRG-2/HCI_TL/Basic/bluenrg1_events.o
                0x000000000800841e                aci_gap_limited_discoverable_event_process
 .text.aci_gap_pairing_complete_event_process
                0x0000000008008438       0x2e ./Middlewares/BlueNRG-2/Wireless/BlueNRG-2/HCI_TL/Basic/bluenrg1_events.o
                0x0000000008008438                aci_gap_pairing_complete_event_process
 .text.aci_gap_pass_key_req_event_process
                0x0000000008008466       0x26 ./Middlewares/BlueNRG-2/Wireless/BlueNRG-2/HCI_TL/Basic/bluenrg1_events.o
                0x0000000008008466                aci_gap_pass_key_req_event_process
 .text.aci_gap_authorization_req_event_process
                0x000000000800848c       0x26 ./Middlewares/BlueNRG-2/Wireless/BlueNRG-2/HCI_TL/Basic/bluenrg1_events.o
                0x000000000800848c                aci_gap_authorization_req_event_process
 .text.aci_gap_slave_security_initiated_event_process
                0x00000000080084b2       0x1a ./Middlewares/BlueNRG-2/Wireless/BlueNRG-2/HCI_TL/Basic/bluenrg1_events.o
                0x00000000080084b2                aci_gap_slave_security_initiated_event_process
 .text.aci_gap_bond_lost_event_process
                0x00000000080084cc       0x1a ./Middlewares/BlueNRG-2/Wireless/BlueNRG-2/HCI_TL/Basic/bluenrg1_events.o
                0x00000000080084cc                aci_gap_bond_lost_event_process
 .text.aci_gap_proc_complete_event_process
                0x00000000080084e6       0x2e ./Middlewares/BlueNRG-2/Wireless/BlueNRG-2/HCI_TL/Basic/bluenrg1_events.o
                0x00000000080084e6                aci_gap_proc_complete_event_process
 .text.aci_gap_addr_not_resolved_event_process
                0x0000000008008514       0x26 ./Middlewares/BlueNRG-2/Wireless/BlueNRG-2/HCI_TL/Basic/bluenrg1_events.o
                0x0000000008008514                aci_gap_addr_not_resolved_event_process
 .text.aci_gap_numeric_comparison_value_event_process
                0x000000000800853a       0x2e ./Middlewares/BlueNRG-2/Wireless/BlueNRG-2/HCI_TL/Basic/bluenrg1_events.o
                0x000000000800853a                aci_gap_numeric_comparison_value_event_process
 .text.aci_gap_keypress_notification_event_process
                0x0000000008008568       0x2c ./Middlewares/BlueNRG-2/Wireless/BlueNRG-2/HCI_TL/Basic/bluenrg1_events.o
                0x0000000008008568                aci_gap_keypress_notification_event_process
 .text.aci_l2cap_connection_update_resp_event_process
                0x0000000008008594       0x2e ./Middlewares/BlueNRG-2/Wireless/BlueNRG-2/HCI_TL/Basic/bluenrg1_events.o
                0x0000000008008594                aci_l2cap_connection_update_resp_event_process
 .text.aci_l2cap_proc_timeout_event_process
                0x00000000080085c2       0x2e ./Middlewares/BlueNRG-2/Wireless/BlueNRG-2/HCI_TL/Basic/bluenrg1_events.o
                0x00000000080085c2                aci_l2cap_proc_timeout_event_process
 .text.aci_l2cap_connection_update_req_event_process
                0x00000000080085f0       0x5c ./Middlewares/BlueNRG-2/Wireless/BlueNRG-2/HCI_TL/Basic/bluenrg1_events.o
                0x00000000080085f0                aci_l2cap_connection_update_req_event_process
 .text.aci_l2cap_command_reject_event_process
                0x000000000800864c       0x3c ./Middlewares/BlueNRG-2/Wireless/BlueNRG-2/HCI_TL/Basic/bluenrg1_events.o
                0x000000000800864c                aci_l2cap_command_reject_event_process
 .text.aci_gatt_attribute_modified_event_process
                0x0000000008008688       0x3e ./Middlewares/BlueNRG-2/Wireless/BlueNRG-2/HCI_TL/Basic/bluenrg1_events.o
                0x0000000008008688                aci_gatt_attribute_modified_event_process
 .text.aci_gatt_proc_timeout_event_process
                0x00000000080086c6       0x26 ./Middlewares/BlueNRG-2/Wireless/BlueNRG-2/HCI_TL/Basic/bluenrg1_events.o
                0x00000000080086c6                aci_gatt_proc_timeout_event_process
 .text.aci_att_exchange_mtu_resp_event_process
                0x00000000080086ec       0x2e ./Middlewares/BlueNRG-2/Wireless/BlueNRG-2/HCI_TL/Basic/bluenrg1_events.o
                0x00000000080086ec                aci_att_exchange_mtu_resp_event_process
 .text.aci_att_find_info_resp_event_process
                0x000000000800871a       0x30 ./Middlewares/BlueNRG-2/Wireless/BlueNRG-2/HCI_TL/Basic/bluenrg1_events.o
                0x000000000800871a                aci_att_find_info_resp_event_process
 .text.aci_att_find_by_type_value_resp_event_process
                0x000000000800874a       0xb4 ./Middlewares/BlueNRG-2/Wireless/BlueNRG-2/HCI_TL/Basic/bluenrg1_events.o
                0x000000000800874a                aci_att_find_by_type_value_resp_event_process
 .text.aci_att_read_by_type_resp_event_process
                0x00000000080087fe       0x30 ./Middlewares/BlueNRG-2/Wireless/BlueNRG-2/HCI_TL/Basic/bluenrg1_events.o
                0x00000000080087fe                aci_att_read_by_type_resp_event_process
 .text.aci_att_read_resp_event_process
                0x000000000800882e       0x2e ./Middlewares/BlueNRG-2/Wireless/BlueNRG-2/HCI_TL/Basic/bluenrg1_events.o
                0x000000000800882e                aci_att_read_resp_event_process
 .text.aci_att_read_blob_resp_event_process
                0x000000000800885c       0x2e ./Middlewares/BlueNRG-2/Wireless/BlueNRG-2/HCI_TL/Basic/bluenrg1_events.o
                0x000000000800885c                aci_att_read_blob_resp_event_process
 .text.aci_att_read_multiple_resp_event_process
                0x000000000800888a       0x2e ./Middlewares/BlueNRG-2/Wireless/BlueNRG-2/HCI_TL/Basic/bluenrg1_events.o
                0x000000000800888a                aci_att_read_multiple_resp_event_process
 .text.aci_att_read_by_group_type_resp_event_process
                0x00000000080088b8       0x30 ./Middlewares/BlueNRG-2/Wireless/BlueNRG-2/HCI_TL/Basic/bluenrg1_events.o
                0x00000000080088b8                aci_att_read_by_group_type_resp_event_process
 .text.aci_att_prepare_write_resp_event_process
                0x00000000080088e8       0x3c ./Middlewares/BlueNRG-2/Wireless/BlueNRG-2/HCI_TL/Basic/bluenrg1_events.o
                0x00000000080088e8                aci_att_prepare_write_resp_event_process
 .text.aci_att_exec_write_resp_event_process
                0x0000000008008924       0x26 ./Middlewares/BlueNRG-2/Wireless/BlueNRG-2/HCI_TL/Basic/bluenrg1_events.o
                0x0000000008008924                aci_att_exec_write_resp_event_process
 .text.aci_gatt_indication_event_process
                0x000000000800894a       0x32 ./Middlewares/BlueNRG-2/Wireless/BlueNRG-2/HCI_TL/Basic/bluenrg1_events.o
                0x000000000800894a                aci_gatt_indication_event_process
 .text.aci_gatt_notification_event_process
                0x000000000800897c       0x32 ./Middlewares/BlueNRG-2/Wireless/BlueNRG-2/HCI_TL/Basic/bluenrg1_events.o
                0x000000000800897c                aci_gatt_notification_event_process
 .text.aci_gatt_proc_complete_event_process
                0x00000000080089ae       0x2c ./Middlewares/BlueNRG-2/Wireless/BlueNRG-2/HCI_TL/Basic/bluenrg1_events.o
                0x00000000080089ae                aci_gatt_proc_complete_event_process
 .text.aci_gatt_error_resp_event_process
                0x00000000080089da       0x34 ./Middlewares/BlueNRG-2/Wireless/BlueNRG-2/HCI_TL/Basic/bluenrg1_events.o
                0x00000000080089da                aci_gatt_error_resp_event_process
 .text.aci_gatt_disc_read_char_by_uuid_resp_event_process
                0x0000000008008a0e       0x32 ./Middlewares/BlueNRG-2/Wireless/BlueNRG-2/HCI_TL/Basic/bluenrg1_events.o
                0x0000000008008a0e                aci_gatt_disc_read_char_by_uuid_resp_event_process
 .text.aci_gatt_write_permit_req_event_process
                0x0000000008008a40       0x32 ./Middlewares/BlueNRG-2/Wireless/BlueNRG-2/HCI_TL/Basic/bluenrg1_events.o
                0x0000000008008a40                aci_gatt_write_permit_req_event_process
 .text.aci_gatt_read_permit_req_event_process
                0x0000000008008a72       0x32 ./Middlewares/BlueNRG-2/Wireless/BlueNRG-2/HCI_TL/Basic/bluenrg1_events.o
                0x0000000008008a72                aci_gatt_read_permit_req_event_process
 .text.aci_gatt_read_multi_permit_req_event_process
                0x0000000008008aa4       0x8a ./Middlewares/BlueNRG-2/Wireless/BlueNRG-2/HCI_TL/Basic/bluenrg1_events.o
                0x0000000008008aa4                aci_gatt_read_multi_permit_req_event_process
 .text.aci_gatt_tx_pool_available_event_process
                0x0000000008008b2e       0x2e ./Middlewares/BlueNRG-2/Wireless/BlueNRG-2/HCI_TL/Basic/bluenrg1_events.o
                0x0000000008008b2e                aci_gatt_tx_pool_available_event_process
 .text.aci_gatt_server_confirmation_event_process
                0x0000000008008b5c       0x26 ./Middlewares/BlueNRG-2/Wireless/BlueNRG-2/HCI_TL/Basic/bluenrg1_events.o
                0x0000000008008b5c                aci_gatt_server_confirmation_event_process
 .text.aci_gatt_prepare_write_permit_req_event_process
                0x0000000008008b82       0x3c ./Middlewares/BlueNRG-2/Wireless/BlueNRG-2/HCI_TL/Basic/bluenrg1_events.o
                0x0000000008008b82                aci_gatt_prepare_write_permit_req_event_process
 .text.hci_le_connection_complete_event_process
                0x0000000008008bbe       0x68 ./Middlewares/BlueNRG-2/Wireless/BlueNRG-2/HCI_TL/Basic/bluenrg1_events.o
                0x0000000008008bbe                hci_le_connection_complete_event_process
 .text.hci_le_advertising_report_event_process
                0x0000000008008c26      0x1ba ./Middlewares/BlueNRG-2/Wireless/BlueNRG-2/HCI_TL/Basic/bluenrg1_events.o
                0x0000000008008c26                hci_le_advertising_report_event_process
 .text.hci_le_connection_update_complete_event_process
                0x0000000008008de0       0x46 ./Middlewares/BlueNRG-2/Wireless/BlueNRG-2/HCI_TL/Basic/bluenrg1_events.o
                0x0000000008008de0                hci_le_connection_update_complete_event_process
 .text.hci_le_read_remote_used_features_complete_event_process
                0x0000000008008e26       0x30 ./Middlewares/BlueNRG-2/Wireless/BlueNRG-2/HCI_TL/Basic/bluenrg1_events.o
                0x0000000008008e26                hci_le_read_remote_used_features_complete_event_process
 .text.hci_le_long_term_key_request_event_process
                0x0000000008008e56       0x30 ./Middlewares/BlueNRG-2/Wireless/BlueNRG-2/HCI_TL/Basic/bluenrg1_events.o
                0x0000000008008e56                hci_le_long_term_key_request_event_process
 .text.hci_le_data_length_change_event_process
                0x0000000008008e86       0x40 ./Middlewares/BlueNRG-2/Wireless/BlueNRG-2/HCI_TL/Basic/bluenrg1_events.o
                0x0000000008008e86                hci_le_data_length_change_event_process
 .text.hci_le_read_local_p256_public_key_complete_event_process
                0x0000000008008ec6       0x2a ./Middlewares/BlueNRG-2/Wireless/BlueNRG-2/HCI_TL/Basic/bluenrg1_events.o
                0x0000000008008ec6                hci_le_read_local_p256_public_key_complete_event_process
 .text.hci_le_generate_dhkey_complete_event_process
                0x0000000008008ef0       0x2a ./Middlewares/BlueNRG-2/Wireless/BlueNRG-2/HCI_TL/Basic/bluenrg1_events.o
                0x0000000008008ef0                hci_le_generate_dhkey_complete_event_process
 .text.hci_le_enhanced_connection_complete_event_process
                0x0000000008008f1a       0x7c ./Middlewares/BlueNRG-2/Wireless/BlueNRG-2/HCI_TL/Basic/bluenrg1_events.o
                0x0000000008008f1a                hci_le_enhanced_connection_complete_event_process
 .text.hci_le_direct_advertising_report_event_process
                0x0000000008008f96      0x15e ./Middlewares/BlueNRG-2/Wireless/BlueNRG-2/HCI_TL/Basic/bluenrg1_events.o
                0x0000000008008f96                hci_le_direct_advertising_report_event_process
 .text.hci_encryption_change_event
                0x00000000080090f4       0x1e ./Middlewares/BlueNRG-2/Wireless/BlueNRG-2/HCI_TL/Basic/bluenrg1_events_cb.o
                0x00000000080090f4                hci_encryption_change_event
 .text.hci_read_remote_version_information_complete_event
                0x0000000008009112       0x28 ./Middlewares/BlueNRG-2/Wireless/BlueNRG-2/HCI_TL/Basic/bluenrg1_events_cb.o
                0x0000000008009112                hci_read_remote_version_information_complete_event
 .text.hci_hardware_error_event
                0x000000000800913a       0x16 ./Middlewares/BlueNRG-2/Wireless/BlueNRG-2/HCI_TL/Basic/bluenrg1_events_cb.o
                0x000000000800913a                hci_hardware_error_event
 .text.hci_number_of_completed_packets_event
                0x0000000008009150       0x18 ./Middlewares/BlueNRG-2/Wireless/BlueNRG-2/HCI_TL/Basic/bluenrg1_events_cb.o
                0x0000000008009150                hci_number_of_completed_packets_event
 .text.hci_data_buffer_overflow_event
                0x0000000008009168       0x16 ./Middlewares/BlueNRG-2/Wireless/BlueNRG-2/HCI_TL/Basic/bluenrg1_events_cb.o
                0x0000000008009168                hci_data_buffer_overflow_event
 .text.hci_encryption_key_refresh_complete_event
                0x000000000800917e       0x1c ./Middlewares/BlueNRG-2/Wireless/BlueNRG-2/HCI_TL/Basic/bluenrg1_events_cb.o
                0x000000000800917e                hci_encryption_key_refresh_complete_event
 .text.hci_le_advertising_report_event
                0x000000000800919a       0x18 ./Middlewares/BlueNRG-2/Wireless/BlueNRG-2/HCI_TL/Basic/bluenrg1_events_cb.o
                0x000000000800919a                hci_le_advertising_report_event
 .text.hci_le_connection_update_complete_event
                0x00000000080091b2       0x28 ./Middlewares/BlueNRG-2/Wireless/BlueNRG-2/HCI_TL/Basic/bluenrg1_events_cb.o
                0x00000000080091b2                hci_le_connection_update_complete_event
 .text.hci_le_read_remote_used_features_complete_event
                0x00000000080091da       0x1c ./Middlewares/BlueNRG-2/Wireless/BlueNRG-2/HCI_TL/Basic/bluenrg1_events_cb.o
                0x00000000080091da                hci_le_read_remote_used_features_complete_event
 .text.hci_le_long_term_key_request_event
                0x00000000080091f6       0x1c ./Middlewares/BlueNRG-2/Wireless/BlueNRG-2/HCI_TL/Basic/bluenrg1_events_cb.o
                0x00000000080091f6                hci_le_long_term_key_request_event
 .text.hci_le_data_length_change_event
                0x0000000008009212       0x28 ./Middlewares/BlueNRG-2/Wireless/BlueNRG-2/HCI_TL/Basic/bluenrg1_events_cb.o
                0x0000000008009212                hci_le_data_length_change_event
 .text.hci_le_read_local_p256_public_key_complete_event
                0x000000000800923a       0x18 ./Middlewares/BlueNRG-2/Wireless/BlueNRG-2/HCI_TL/Basic/bluenrg1_events_cb.o
                0x000000000800923a                hci_le_read_local_p256_public_key_complete_event
 .text.hci_le_generate_dhkey_complete_event
                0x0000000008009252       0x18 ./Middlewares/BlueNRG-2/Wireless/BlueNRG-2/HCI_TL/Basic/bluenrg1_events_cb.o
                0x0000000008009252                hci_le_generate_dhkey_complete_event
 .text.hci_le_enhanced_connection_complete_event
                0x000000000800926a       0x28 ./Middlewares/BlueNRG-2/Wireless/BlueNRG-2/HCI_TL/Basic/bluenrg1_events_cb.o
                0x000000000800926a                hci_le_enhanced_connection_complete_event
 .text.hci_le_direct_advertising_report_event
                0x0000000008009292       0x18 ./Middlewares/BlueNRG-2/Wireless/BlueNRG-2/HCI_TL/Basic/bluenrg1_events_cb.o
                0x0000000008009292                hci_le_direct_advertising_report_event
 .text.aci_gap_limited_discoverable_event
                0x00000000080092aa        0xe ./Middlewares/BlueNRG-2/Wireless/BlueNRG-2/HCI_TL/Basic/bluenrg1_events_cb.o
                0x00000000080092aa                aci_gap_limited_discoverable_event
 .text.aci_gap_pairing_complete_event
                0x00000000080092b8       0x1e ./Middlewares/BlueNRG-2/Wireless/BlueNRG-2/HCI_TL/Basic/bluenrg1_events_cb.o
                0x00000000080092b8                aci_gap_pairing_complete_event
 .text.aci_gap_pass_key_req_event
                0x00000000080092d6       0x16 ./Middlewares/BlueNRG-2/Wireless/BlueNRG-2/HCI_TL/Basic/bluenrg1_events_cb.o
                0x00000000080092d6                aci_gap_pass_key_req_event
 .text.aci_gap_authorization_req_event
                0x00000000080092ec       0x16 ./Middlewares/BlueNRG-2/Wireless/BlueNRG-2/HCI_TL/Basic/bluenrg1_events_cb.o
                0x00000000080092ec                aci_gap_authorization_req_event
 .text.aci_gap_slave_security_initiated_event
                0x0000000008009302        0xe ./Middlewares/BlueNRG-2/Wireless/BlueNRG-2/HCI_TL/Basic/bluenrg1_events_cb.o
                0x0000000008009302                aci_gap_slave_security_initiated_event
 .text.aci_gap_bond_lost_event
                0x0000000008009310        0xe ./Middlewares/BlueNRG-2/Wireless/BlueNRG-2/HCI_TL/Basic/bluenrg1_events_cb.o
                0x0000000008009310                aci_gap_bond_lost_event
 .text.aci_gap_proc_complete_event
                0x000000000800931e       0x20 ./Middlewares/BlueNRG-2/Wireless/BlueNRG-2/HCI_TL/Basic/bluenrg1_events_cb.o
                0x000000000800931e                aci_gap_proc_complete_event
 .text.aci_gap_addr_not_resolved_event
                0x000000000800933e       0x16 ./Middlewares/BlueNRG-2/Wireless/BlueNRG-2/HCI_TL/Basic/bluenrg1_events_cb.o
                0x000000000800933e                aci_gap_addr_not_resolved_event
 .text.aci_gap_numeric_comparison_value_event
                0x0000000008009354       0x18 ./Middlewares/BlueNRG-2/Wireless/BlueNRG-2/HCI_TL/Basic/bluenrg1_events_cb.o
                0x0000000008009354                aci_gap_numeric_comparison_value_event
 .text.aci_gap_keypress_notification_event
                0x000000000800936c       0x1c ./Middlewares/BlueNRG-2/Wireless/BlueNRG-2/HCI_TL/Basic/bluenrg1_events_cb.o
                0x000000000800936c                aci_gap_keypress_notification_event
 .text.aci_gatt_attribute_modified_event
                0x0000000008009388       0x28 ./Middlewares/BlueNRG-2/Wireless/BlueNRG-2/HCI_TL/Basic/bluenrg1_events_cb.o
                0x0000000008009388                aci_gatt_attribute_modified_event
 .text.aci_gatt_proc_timeout_event
                0x00000000080093b0       0x16 ./Middlewares/BlueNRG-2/Wireless/BlueNRG-2/HCI_TL/Basic/bluenrg1_events_cb.o
                0x00000000080093b0                aci_gatt_proc_timeout_event
 .text.aci_att_exchange_mtu_resp_event
                0x00000000080093c6       0x1c ./Middlewares/BlueNRG-2/Wireless/BlueNRG-2/HCI_TL/Basic/bluenrg1_events_cb.o
                0x00000000080093c6                aci_att_exchange_mtu_resp_event
 .text.aci_att_find_info_resp_event
                0x00000000080093e2       0x20 ./Middlewares/BlueNRG-2/Wireless/BlueNRG-2/HCI_TL/Basic/bluenrg1_events_cb.o
                0x00000000080093e2                aci_att_find_info_resp_event
 .text.aci_att_find_by_type_value_resp_event
                0x0000000008009402       0x1c ./Middlewares/BlueNRG-2/Wireless/BlueNRG-2/HCI_TL/Basic/bluenrg1_events_cb.o
                0x0000000008009402                aci_att_find_by_type_value_resp_event
 .text.aci_att_read_by_type_resp_event
                0x000000000800941e       0x20 ./Middlewares/BlueNRG-2/Wireless/BlueNRG-2/HCI_TL/Basic/bluenrg1_events_cb.o
                0x000000000800941e                aci_att_read_by_type_resp_event
 .text.aci_att_read_resp_event
                0x000000000800943e       0x1c ./Middlewares/BlueNRG-2/Wireless/BlueNRG-2/HCI_TL/Basic/bluenrg1_events_cb.o
                0x000000000800943e                aci_att_read_resp_event
 .text.aci_att_read_blob_resp_event
                0x000000000800945a       0x1c ./Middlewares/BlueNRG-2/Wireless/BlueNRG-2/HCI_TL/Basic/bluenrg1_events_cb.o
                0x000000000800945a                aci_att_read_blob_resp_event
 .text.aci_att_read_multiple_resp_event
                0x0000000008009476       0x1c ./Middlewares/BlueNRG-2/Wireless/BlueNRG-2/HCI_TL/Basic/bluenrg1_events_cb.o
                0x0000000008009476                aci_att_read_multiple_resp_event
 .text.aci_att_read_by_group_type_resp_event
                0x0000000008009492       0x20 ./Middlewares/BlueNRG-2/Wireless/BlueNRG-2/HCI_TL/Basic/bluenrg1_events_cb.o
                0x0000000008009492                aci_att_read_by_group_type_resp_event
 .text.aci_att_prepare_write_resp_event
                0x00000000080094b2       0x28 ./Middlewares/BlueNRG-2/Wireless/BlueNRG-2/HCI_TL/Basic/bluenrg1_events_cb.o
                0x00000000080094b2                aci_att_prepare_write_resp_event
 .text.aci_att_exec_write_resp_event
                0x00000000080094da       0x16 ./Middlewares/BlueNRG-2/Wireless/BlueNRG-2/HCI_TL/Basic/bluenrg1_events_cb.o
                0x00000000080094da                aci_att_exec_write_resp_event
 .text.aci_gatt_indication_event
                0x00000000080094f0       0x20 ./Middlewares/BlueNRG-2/Wireless/BlueNRG-2/HCI_TL/Basic/bluenrg1_events_cb.o
                0x00000000080094f0                aci_gatt_indication_event
 .text.aci_gatt_notification_event
                0x0000000008009510       0x20 ./Middlewares/BlueNRG-2/Wireless/BlueNRG-2/HCI_TL/Basic/bluenrg1_events_cb.o
                0x0000000008009510                aci_gatt_notification_event
 .text.aci_gatt_proc_complete_event
                0x0000000008009530       0x1c ./Middlewares/BlueNRG-2/Wireless/BlueNRG-2/HCI_TL/Basic/bluenrg1_events_cb.o
                0x0000000008009530                aci_gatt_proc_complete_event
 .text.aci_gatt_error_resp_event
                0x000000000800954c       0x28 ./Middlewares/BlueNRG-2/Wireless/BlueNRG-2/HCI_TL/Basic/bluenrg1_events_cb.o
                0x000000000800954c                aci_gatt_error_resp_event
 .text.aci_gatt_disc_read_char_by_uuid_resp_event
                0x0000000008009574       0x20 ./Middlewares/BlueNRG-2/Wireless/BlueNRG-2/HCI_TL/Basic/bluenrg1_events_cb.o
                0x0000000008009574                aci_gatt_disc_read_char_by_uuid_resp_event
 .text.aci_gatt_write_permit_req_event
                0x0000000008009594       0x20 ./Middlewares/BlueNRG-2/Wireless/BlueNRG-2/HCI_TL/Basic/bluenrg1_events_cb.o
                0x0000000008009594                aci_gatt_write_permit_req_event
 .text.aci_gatt_read_multi_permit_req_event
                0x00000000080095b4       0x1c ./Middlewares/BlueNRG-2/Wireless/BlueNRG-2/HCI_TL/Basic/bluenrg1_events_cb.o
                0x00000000080095b4                aci_gatt_read_multi_permit_req_event
 .text.aci_gatt_tx_pool_available_event
                0x00000000080095d0       0x1c ./Middlewares/BlueNRG-2/Wireless/BlueNRG-2/HCI_TL/Basic/bluenrg1_events_cb.o
                0x00000000080095d0                aci_gatt_tx_pool_available_event
 .text.aci_gatt_server_confirmation_event
                0x00000000080095ec       0x16 ./Middlewares/BlueNRG-2/Wireless/BlueNRG-2/HCI_TL/Basic/bluenrg1_events_cb.o
                0x00000000080095ec                aci_gatt_server_confirmation_event
 .text.aci_gatt_prepare_write_permit_req_event
                0x0000000008009602       0x28 ./Middlewares/BlueNRG-2/Wireless/BlueNRG-2/HCI_TL/Basic/bluenrg1_events_cb.o
                0x0000000008009602                aci_gatt_prepare_write_permit_req_event
 .text.aci_l2cap_connection_update_resp_event
                0x000000000800962a       0x1c ./Middlewares/BlueNRG-2/Wireless/BlueNRG-2/HCI_TL/Basic/bluenrg1_events_cb.o
                0x000000000800962a                aci_l2cap_connection_update_resp_event
 .text.aci_l2cap_proc_timeout_event
                0x0000000008009646       0x1c ./Middlewares/BlueNRG-2/Wireless/BlueNRG-2/HCI_TL/Basic/bluenrg1_events_cb.o
                0x0000000008009646                aci_l2cap_proc_timeout_event
 .text.aci_l2cap_connection_update_req_event
                0x0000000008009662       0x28 ./Middlewares/BlueNRG-2/Wireless/BlueNRG-2/HCI_TL/Basic/bluenrg1_events_cb.o
                0x0000000008009662                aci_l2cap_connection_update_req_event
 .text.aci_l2cap_command_reject_event
                0x000000000800968a       0x28 ./Middlewares/BlueNRG-2/Wireless/BlueNRG-2/HCI_TL/Basic/bluenrg1_events_cb.o
                0x000000000800968a                aci_l2cap_command_reject_event
 .text.aci_blue_initialized_event
                0x00000000080096b2       0x16 ./Middlewares/BlueNRG-2/Wireless/BlueNRG-2/HCI_TL/Basic/bluenrg1_events_cb.o
                0x00000000080096b2                aci_blue_initialized_event
 .text.aci_blue_events_lost_event
                0x00000000080096c8       0x14 ./Middlewares/BlueNRG-2/Wireless/BlueNRG-2/HCI_TL/Basic/bluenrg1_events_cb.o
                0x00000000080096c8                aci_blue_events_lost_event
 .text.aci_blue_crash_info_event
                0x00000000080096dc       0x1c ./Middlewares/BlueNRG-2/Wireless/BlueNRG-2/HCI_TL/Basic/bluenrg1_events_cb.o
                0x00000000080096dc                aci_blue_crash_info_event
 .text.aci_hal_end_of_radio_activity_event
                0x00000000080096f8       0x1c ./Middlewares/BlueNRG-2/Wireless/BlueNRG-2/HCI_TL/Basic/bluenrg1_events_cb.o
                0x00000000080096f8                aci_hal_end_of_radio_activity_event
 .text.aci_hal_scan_req_report_event
                0x0000000008009714       0x1c ./Middlewares/BlueNRG-2/Wireless/BlueNRG-2/HCI_TL/Basic/bluenrg1_events_cb.o
                0x0000000008009714                aci_hal_scan_req_report_event
 .text.aci_hal_fw_error_event
                0x0000000008009730       0x1c ./Middlewares/BlueNRG-2/Wireless/BlueNRG-2/HCI_TL/Basic/bluenrg1_events_cb.o
                0x0000000008009730                aci_hal_fw_error_event
 .text.hci_reset
                0x000000000800974c       0x52 ./Middlewares/BlueNRG-2/Wireless/BlueNRG-2/HCI_TL/Basic/bluenrg1_hci_le.o
                0x000000000800974c                hci_reset
 .text.hci_read_local_version_information
                0x000000000800979e       0x8c ./Middlewares/BlueNRG-2/Wireless/BlueNRG-2/HCI_TL/Basic/bluenrg1_hci_le.o
                0x000000000800979e                hci_read_local_version_information
 .text.hci_le_set_scan_response_data
                0x000000000800982a       0xf2 ./Middlewares/BlueNRG-2/Wireless/BlueNRG-2/HCI_TL/Basic/bluenrg1_hci_le.o
                0x000000000800982a                hci_le_set_scan_response_data
 .text.verify_packet
                0x000000000800991c       0x40 ./Middlewares/BlueNRG-2/Wireless/BlueNRG-2/HCI_TL/Basic/hci_tl.o
 .text.send_cmd
                0x000000000800995c       0x80 ./Middlewares/BlueNRG-2/Wireless/BlueNRG-2/HCI_TL/Basic/hci_tl.o
 .text.move_list
                0x00000000080099dc       0x38 ./Middlewares/BlueNRG-2/Wireless/BlueNRG-2/HCI_TL/Basic/hci_tl.o
 .text.free_event_list
                0x0000000008009a14       0x3c ./Middlewares/BlueNRG-2/Wireless/BlueNRG-2/HCI_TL/Basic/hci_tl.o
 .text.hci_init
                0x0000000008009a50       0x84 ./Middlewares/BlueNRG-2/Wireless/BlueNRG-2/HCI_TL/Basic/hci_tl.o
                0x0000000008009a50                hci_init
 .text.hci_register_io_bus
                0x0000000008009ad4       0x40 ./Middlewares/BlueNRG-2/Wireless/BlueNRG-2/HCI_TL/Basic/hci_tl.o
                0x0000000008009ad4                hci_register_io_bus
 .text.hci_send_req
                0x0000000008009b14      0x234 ./Middlewares/BlueNRG-2/Wireless/BlueNRG-2/HCI_TL/Basic/hci_tl.o
                0x0000000008009b14                hci_send_req
 .text.hci_user_evt_proc
                0x0000000008009d48       0x58 ./Middlewares/BlueNRG-2/Wireless/BlueNRG-2/HCI_TL/Basic/hci_tl.o
                0x0000000008009d48                hci_user_evt_proc
 .text.hci_notify_asynch_evt
                0x0000000008009da0       0x9c ./Middlewares/BlueNRG-2/Wireless/BlueNRG-2/HCI_TL/Basic/hci_tl.o
                0x0000000008009da0                hci_notify_asynch_evt
 .text.list_init_head
                0x0000000008009e3c       0x20 ./Middlewares/BlueNRG-2/Wireless/BlueNRG-2/Utils/ble_list.o
                0x0000000008009e3c                list_init_head
 .text.list_is_empty
                0x0000000008009e5c       0x44 ./Middlewares/BlueNRG-2/Wireless/BlueNRG-2/Utils/ble_list.o
                0x0000000008009e5c                list_is_empty
 .text.list_insert_head
                0x0000000008009ea0       0x4c ./Middlewares/BlueNRG-2/Wireless/BlueNRG-2/Utils/ble_list.o
                0x0000000008009ea0                list_insert_head
 .text.list_insert_tail
                0x0000000008009eec       0x4c ./Middlewares/BlueNRG-2/Wireless/BlueNRG-2/Utils/ble_list.o
                0x0000000008009eec                list_insert_tail
 .text.list_remove_node
                0x0000000008009f38       0x42 ./Middlewares/BlueNRG-2/Wireless/BlueNRG-2/Utils/ble_list.o
                0x0000000008009f38                list_remove_node
 .text.list_remove_head
                0x0000000008009f7a       0x4e ./Middlewares/BlueNRG-2/Wireless/BlueNRG-2/Utils/ble_list.o
                0x0000000008009f7a                list_remove_head
 .text.list_remove_tail
                0x0000000008009fc8       0x4e ./Middlewares/BlueNRG-2/Wireless/BlueNRG-2/Utils/ble_list.o
                0x0000000008009fc8                list_remove_tail
 .text.list_get_size
                0x000000000800a016       0x50 ./Middlewares/BlueNRG-2/Wireless/BlueNRG-2/Utils/ble_list.o
                0x000000000800a016                list_get_size
 *fill*         0x000000000800a066        0x2 
 .text.__errno  0x000000000800a068        0xc /home/herve/.eclipse/com.st.stm32cube.ide.mcu.rcp.product_1.10.1_139059409_linux_gtk_x86_64/plugins/com.st.stm32cube.ide.mcu.externaltools.gnu-tools-for-stm32.10.3-2021.10.linux64_1.0.100.202210260954/tools/bin/../lib/gcc/arm-none-eabi/10.3.1/../../../../arm-none-eabi/lib/thumb/v7e-m+fp/hard/libc_nano.a(lib_a-errno.o)
                0x000000000800a068                __errno
 .text.__libc_init_array
                0x000000000800a074       0x48 /home/herve/.eclipse/com.st.stm32cube.ide.mcu.rcp.product_1.10.1_139059409_linux_gtk_x86_64/plugins/com.st.stm32cube.ide.mcu.externaltools.gnu-tools-for-stm32.10.3-2021.10.linux64_1.0.100.202210260954/tools/bin/../lib/gcc/arm-none-eabi/10.3.1/../../../../arm-none-eabi/lib/thumb/v7e-m+fp/hard/libc_nano.a(lib_a-init.o)
                0x000000000800a074                __libc_init_array
 .text.memcpy   0x000000000800a0bc       0x1c /home/herve/.eclipse/com.st.stm32cube.ide.mcu.rcp.product_1.10.1_139059409_linux_gtk_x86_64/plugins/com.st.stm32cube.ide.mcu.externaltools.gnu-tools-for-stm32.10.3-2021.10.linux64_1.0.100.202210260954/tools/bin/../lib/gcc/arm-none-eabi/10.3.1/../../../../arm-none-eabi/lib/thumb/v7e-m+fp/hard/libc_nano.a(lib_a-memcpy-stub.o)
                0x000000000800a0bc                memcpy
 .text.memset   0x000000000800a0d8       0x10 /home/herve/.eclipse/com.st.stm32cube.ide.mcu.rcp.product_1.10.1_139059409_linux_gtk_x86_64/plugins/com.st.stm32cube.ide.mcu.externaltools.gnu-tools-for-stm32.10.3-2021.10.linux64_1.0.100.202210260954/tools/bin/../lib/gcc/arm-none-eabi/10.3.1/../../../../arm-none-eabi/lib/thumb/v7e-m+fp/hard/libc_nano.a(lib_a-memset.o)
                0x000000000800a0d8                memset
 .text.__cvt    0x000000000800a0e8       0xc4 /home/herve/.eclipse/com.st.stm32cube.ide.mcu.rcp.product_1.10.1_139059409_linux_gtk_x86_64/plugins/com.st.stm32cube.ide.mcu.externaltools.gnu-tools-for-stm32.10.3-2021.10.linux64_1.0.100.202210260954/tools/bin/../lib/gcc/arm-none-eabi/10.3.1/../../../../arm-none-eabi/lib/thumb/v7e-m+fp/hard/libc_nano.a(lib_a-nano-vfprintf_float.o)
                0x000000000800a0e8                __cvt
 .text.__exponent
                0x000000000800a1ac       0x7c /home/herve/.eclipse/com.st.stm32cube.ide.mcu.rcp.product_1.10.1_139059409_linux_gtk_x86_64/plugins/com.st.stm32cube.ide.mcu.externaltools.gnu-tools-for-stm32.10.3-2021.10.linux64_1.0.100.202210260954/tools/bin/../lib/gcc/arm-none-eabi/10.3.1/../../../../arm-none-eabi/lib/thumb/v7e-m+fp/hard/libc_nano.a(lib_a-nano-vfprintf_float.o)
                0x000000000800a1ac                __exponent
 .text._printf_float
                0x000000000800a228      0x46c /home/herve/.eclipse/com.st.stm32cube.ide.mcu.rcp.product_1.10.1_139059409_linux_gtk_x86_64/plugins/com.st.stm32cube.ide.mcu.externaltools.gnu-tools-for-stm32.10.3-2021.10.linux64_1.0.100.202210260954/tools/bin/../lib/gcc/arm-none-eabi/10.3.1/../../../../arm-none-eabi/lib/thumb/v7e-m+fp/hard/libc_nano.a(lib_a-nano-vfprintf_float.o)
                0x000000000800a228                _printf_float
 .text._printf_common
                0x000000000800a694       0xda /home/herve/.eclipse/com.st.stm32cube.ide.mcu.rcp.product_1.10.1_139059409_linux_gtk_x86_64/plugins/com.st.stm32cube.ide.mcu.externaltools.gnu-tools-for-stm32.10.3-2021.10.linux64_1.0.100.202210260954/tools/bin/../lib/gcc/arm-none-eabi/10.3.1/../../../../arm-none-eabi/lib/thumb/v7e-m+fp/hard/libc_nano.a(lib_a-nano-vfprintf_i.o)
                0x000000000800a694                _printf_common
 *fill*         0x000000000800a76e        0x2 
 .text._printf_i
                0x000000000800a770      0x24c /home/herve/.eclipse/com.st.stm32cube.ide.mcu.rcp.product_1.10.1_139059409_linux_gtk_x86_64/plugins/com.st.stm32cube.ide.mcu.externaltools.gnu-tools-for-stm32.10.3-2021.10.linux64_1.0.100.202210260954/tools/bin/../lib/gcc/arm-none-eabi/10.3.1/../../../../arm-none-eabi/lib/thumb/v7e-m+fp/hard/libc_nano.a(lib_a-nano-vfprintf_i.o)
                0x000000000800a770                _printf_i
 .text.printf   0x000000000800a9bc       0x30 /home/herve/.eclipse/com.st.stm32cube.ide.mcu.rcp.product_1.10.1_139059409_linux_gtk_x86_64/plugins/com.st.stm32cube.ide.mcu.externaltools.gnu-tools-for-stm32.10.3-2021.10.linux64_1.0.100.202210260954/tools/bin/../lib/gcc/arm-none-eabi/10.3.1/../../../../arm-none-eabi/lib/thumb/v7e-m+fp/hard/libc_nano.a(lib_a-printf.o)
                0x000000000800a9bc                printf
                0x000000000800a9bc                iprintf
 .text._puts_r  0x000000000800a9ec       0xdc /home/herve/.eclipse/com.st.stm32cube.ide.mcu.rcp.product_1.10.1_139059409_linux_gtk_x86_64/plugins/com.st.stm32cube.ide.mcu.externaltools.gnu-tools-for-stm32.10.3-2021.10.linux64_1.0.100.202210260954/tools/bin/../lib/gcc/arm-none-eabi/10.3.1/../../../../arm-none-eabi/lib/thumb/v7e-m+fp/hard/libc_nano.a(lib_a-puts.o)
                0x000000000800a9ec                _puts_r
 .text.puts     0x000000000800aac8       0x10 /home/herve/.eclipse/com.st.stm32cube.ide.mcu.rcp.product_1.10.1_139059409_linux_gtk_x86_64/plugins/com.st.stm32cube.ide.mcu.externaltools.gnu-tools-for-stm32.10.3-2021.10.linux64_1.0.100.202210260954/tools/bin/../lib/gcc/arm-none-eabi/10.3.1/../../../../arm-none-eabi/lib/thumb/v7e-m+fp/hard/libc_nano.a(lib_a-puts.o)
                0x000000000800aac8                puts
 .text.srand    0x000000000800aad8       0x5c /home/herve/.eclipse/com.st.stm32cube.ide.mcu.rcp.product_1.10.1_139059409_linux_gtk_x86_64/plugins/com.st.stm32cube.ide.mcu.externaltools.gnu-tools-for-stm32.10.3-2021.10.linux64_1.0.100.202210260954/tools/bin/../lib/gcc/arm-none-eabi/10.3.1/../../../../arm-none-eabi/lib/thumb/v7e-m+fp/hard/libc_nano.a(lib_a-rand.o)
                0x000000000800aad8                srand
 .text.rand     0x000000000800ab34       0x7c /home/herve/.eclipse/com.st.stm32cube.ide.mcu.rcp.product_1.10.1_139059409_linux_gtk_x86_64/plugins/com.st.stm32cube.ide.mcu.externaltools.gnu-tools-for-stm32.10.3-2021.10.linux64_1.0.100.202210260954/tools/bin/../lib/gcc/arm-none-eabi/10.3.1/../../../../arm-none-eabi/lib/thumb/v7e-m+fp/hard/libc_nano.a(lib_a-rand.o)
                0x000000000800ab34                rand
 .text.__swbuf_r
                0x000000000800abb0       0xa4 /home/herve/.eclipse/com.st.stm32cube.ide.mcu.rcp.product_1.10.1_139059409_linux_gtk_x86_64/plugins/com.st.stm32cube.ide.mcu.externaltools.gnu-tools-for-stm32.10.3-2021.10.linux64_1.0.100.202210260954/tools/bin/../lib/gcc/arm-none-eabi/10.3.1/../../../../arm-none-eabi/lib/thumb/v7e-m+fp/hard/libc_nano.a(lib_a-wbuf.o)
                0x000000000800abb0                __swbuf_r
 .text.__swsetup_r
                0x000000000800ac54       0xdc /home/herve/.eclipse/com.st.stm32cube.ide.mcu.rcp.product_1.10.1_139059409_linux_gtk_x86_64/plugins/com.st.stm32cube.ide.mcu.externaltools.gnu-tools-for-stm32.10.3-2021.10.linux64_1.0.100.202210260954/tools/bin/../lib/gcc/arm-none-eabi/10.3.1/../../../../arm-none-eabi/lib/thumb/v7e-m+fp/hard/libc_nano.a(lib_a-wsetup.o)
                0x000000000800ac54                __swsetup_r
 .text.__assert_func
                0x000000000800ad30       0x3c /home/herve/.eclipse/com.st.stm32cube.ide.mcu.rcp.product_1.10.1_139059409_linux_gtk_x86_64/plugins/com.st.stm32cube.ide.mcu.externaltools.gnu-tools-for-stm32.10.3-2021.10.linux64_1.0.100.202210260954/tools/bin/../lib/gcc/arm-none-eabi/10.3.1/../../../../arm-none-eabi/lib/thumb/v7e-m+fp/hard/libc_nano.a(lib_a-assert.o)
                0x000000000800ad30                __assert_func
 .text.quorem   0x000000000800ad6c      0x116 /home/herve/.eclipse/com.st.stm32cube.ide.mcu.rcp.product_1.10.1_139059409_linux_gtk_x86_64/plugins/com.st.stm32cube.ide.mcu.externaltools.gnu-tools-for-stm32.10.3-2021.10.linux64_1.0.100.202210260954/tools/bin/../lib/gcc/arm-none-eabi/10.3.1/../../../../arm-none-eabi/lib/thumb/v7e-m+fp/hard/libc_nano.a(lib_a-dtoa.o)
 *fill*         0x000000000800ae82        0x6 
 .text._dtoa_r  0x000000000800ae88      0xbdc /home/herve/.eclipse/com.st.stm32cube.ide.mcu.rcp.product_1.10.1_139059409_linux_gtk_x86_64/plugins/com.st.stm32cube.ide.mcu.externaltools.gnu-tools-for-stm32.10.3-2021.10.linux64_1.0.100.202210260954/tools/bin/../lib/gcc/arm-none-eabi/10.3.1/../../../../arm-none-eabi/lib/thumb/v7e-m+fp/hard/libc_nano.a(lib_a-dtoa.o)
                0x000000000800ae88                _dtoa_r
 .text.__sflush_r
                0x000000000800ba64      0x10c /home/herve/.eclipse/com.st.stm32cube.ide.mcu.rcp.product_1.10.1_139059409_linux_gtk_x86_64/plugins/com.st.stm32cube.ide.mcu.externaltools.gnu-tools-for-stm32.10.3-2021.10.linux64_1.0.100.202210260954/tools/bin/../lib/gcc/arm-none-eabi/10.3.1/../../../../arm-none-eabi/lib/thumb/v7e-m+fp/hard/libc_nano.a(lib_a-fflush.o)
                0x000000000800ba64                __sflush_r
 .text._fflush_r
                0x000000000800bb70       0x78 /home/herve/.eclipse/com.st.stm32cube.ide.mcu.rcp.product_1.10.1_139059409_linux_gtk_x86_64/plugins/com.st.stm32cube.ide.mcu.externaltools.gnu-tools-for-stm32.10.3-2021.10.linux64_1.0.100.202210260954/tools/bin/../lib/gcc/arm-none-eabi/10.3.1/../../../../arm-none-eabi/lib/thumb/v7e-m+fp/hard/libc_nano.a(lib_a-fflush.o)
                0x000000000800bb70                _fflush_r
 .text.std      0x000000000800bbe8       0x48 /home/herve/.eclipse/com.st.stm32cube.ide.mcu.rcp.product_1.10.1_139059409_linux_gtk_x86_64/plugins/com.st.stm32cube.ide.mcu.externaltools.gnu-tools-for-stm32.10.3-2021.10.linux64_1.0.100.202210260954/tools/bin/../lib/gcc/arm-none-eabi/10.3.1/../../../../arm-none-eabi/lib/thumb/v7e-m+fp/hard/libc_nano.a(lib_a-findfp.o)
 .text._cleanup_r
                0x000000000800bc30        0xc /home/herve/.eclipse/com.st.stm32cube.ide.mcu.rcp.product_1.10.1_139059409_linux_gtk_x86_64/plugins/com.st.stm32cube.ide.mcu.externaltools.gnu-tools-for-stm32.10.3-2021.10.linux64_1.0.100.202210260954/tools/bin/../lib/gcc/arm-none-eabi/10.3.1/../../../../arm-none-eabi/lib/thumb/v7e-m+fp/hard/libc_nano.a(lib_a-findfp.o)
                0x000000000800bc30                _cleanup_r
 .text.__sfmoreglue
                0x000000000800bc3c       0x2c /home/herve/.eclipse/com.st.stm32cube.ide.mcu.rcp.product_1.10.1_139059409_linux_gtk_x86_64/plugins/com.st.stm32cube.ide.mcu.externaltools.gnu-tools-for-stm32.10.3-2021.10.linux64_1.0.100.202210260954/tools/bin/../lib/gcc/arm-none-eabi/10.3.1/../../../../arm-none-eabi/lib/thumb/v7e-m+fp/hard/libc_nano.a(lib_a-findfp.o)
                0x000000000800bc3c                __sfmoreglue
 .text.__sfp_lock_acquire
                0x000000000800bc68        0xc /home/herve/.eclipse/com.st.stm32cube.ide.mcu.rcp.product_1.10.1_139059409_linux_gtk_x86_64/plugins/com.st.stm32cube.ide.mcu.externaltools.gnu-tools-for-stm32.10.3-2021.10.linux64_1.0.100.202210260954/tools/bin/../lib/gcc/arm-none-eabi/10.3.1/../../../../arm-none-eabi/lib/thumb/v7e-m+fp/hard/libc_nano.a(lib_a-findfp.o)
                0x000000000800bc68                __sfp_lock_acquire
 .text.__sfp_lock_release
                0x000000000800bc74        0xc /home/herve/.eclipse/com.st.stm32cube.ide.mcu.rcp.product_1.10.1_139059409_linux_gtk_x86_64/plugins/com.st.stm32cube.ide.mcu.externaltools.gnu-tools-for-stm32.10.3-2021.10.linux64_1.0.100.202210260954/tools/bin/../lib/gcc/arm-none-eabi/10.3.1/../../../../arm-none-eabi/lib/thumb/v7e-m+fp/hard/libc_nano.a(lib_a-findfp.o)
                0x000000000800bc74                __sfp_lock_release
 .text.__sinit_lock_acquire
                0x000000000800bc80        0xc /home/herve/.eclipse/com.st.stm32cube.ide.mcu.rcp.product_1.10.1_139059409_linux_gtk_x86_64/plugins/com.st.stm32cube.ide.mcu.externaltools.gnu-tools-for-stm32.10.3-2021.10.linux64_1.0.100.202210260954/tools/bin/../lib/gcc/arm-none-eabi/10.3.1/../../../../arm-none-eabi/lib/thumb/v7e-m+fp/hard/libc_nano.a(lib_a-findfp.o)
                0x000000000800bc80                __sinit_lock_acquire
 .text.__sinit_lock_release
                0x000000000800bc8c        0xc /home/herve/.eclipse/com.st.stm32cube.ide.mcu.rcp.product_1.10.1_139059409_linux_gtk_x86_64/plugins/com.st.stm32cube.ide.mcu.externaltools.gnu-tools-for-stm32.10.3-2021.10.linux64_1.0.100.202210260954/tools/bin/../lib/gcc/arm-none-eabi/10.3.1/../../../../arm-none-eabi/lib/thumb/v7e-m+fp/hard/libc_nano.a(lib_a-findfp.o)
                0x000000000800bc8c                __sinit_lock_release
 .text.__sinit  0x000000000800bc98       0x70 /home/herve/.eclipse/com.st.stm32cube.ide.mcu.rcp.product_1.10.1_139059409_linux_gtk_x86_64/plugins/com.st.stm32cube.ide.mcu.externaltools.gnu-tools-for-stm32.10.3-2021.10.linux64_1.0.100.202210260954/tools/bin/../lib/gcc/arm-none-eabi/10.3.1/../../../../arm-none-eabi/lib/thumb/v7e-m+fp/hard/libc_nano.a(lib_a-findfp.o)
                0x000000000800bc98                __sinit
 .text.__sfp    0x000000000800bd08       0x8c /home/herve/.eclipse/com.st.stm32cube.ide.mcu.rcp.product_1.10.1_139059409_linux_gtk_x86_64/plugins/com.st.stm32cube.ide.mcu.externaltools.gnu-tools-for-stm32.10.3-2021.10.linux64_1.0.100.202210260954/tools/bin/../lib/gcc/arm-none-eabi/10.3.1/../../../../arm-none-eabi/lib/thumb/v7e-m+fp/hard/libc_nano.a(lib_a-findfp.o)
                0x000000000800bd08                __sfp
 .text.fprintf  0x000000000800bd94       0x24 /home/herve/.eclipse/com.st.stm32cube.ide.mcu.rcp.product_1.10.1_139059409_linux_gtk_x86_64/plugins/com.st.stm32cube.ide.mcu.externaltools.gnu-tools-for-stm32.10.3-2021.10.linux64_1.0.100.202210260954/tools/bin/../lib/gcc/arm-none-eabi/10.3.1/../../../../arm-none-eabi/lib/thumb/v7e-m+fp/hard/libc_nano.a(lib_a-fprintf.o)
                0x000000000800bd94                fprintf
                0x000000000800bd94                fiprintf
 .text._fwalk_reent
                0x000000000800bdb8       0x3e /home/herve/.eclipse/com.st.stm32cube.ide.mcu.rcp.product_1.10.1_139059409_linux_gtk_x86_64/plugins/com.st.stm32cube.ide.mcu.externaltools.gnu-tools-for-stm32.10.3-2021.10.linux64_1.0.100.202210260954/tools/bin/../lib/gcc/arm-none-eabi/10.3.1/../../../../arm-none-eabi/lib/thumb/v7e-m+fp/hard/libc_nano.a(lib_a-fwalk.o)
                0x000000000800bdb8                _fwalk_reent
 *fill*         0x000000000800bdf6        0x2 
 .text._localeconv_r
                0x000000000800bdf8        0x8 /home/herve/.eclipse/com.st.stm32cube.ide.mcu.rcp.product_1.10.1_139059409_linux_gtk_x86_64/plugins/com.st.stm32cube.ide.mcu.externaltools.gnu-tools-for-stm32.10.3-2021.10.linux64_1.0.100.202210260954/tools/bin/../lib/gcc/arm-none-eabi/10.3.1/../../../../arm-none-eabi/lib/thumb/v7e-m+fp/hard/libc_nano.a(lib_a-localeconv.o)
                0x000000000800bdf8                _localeconv_r
 .text.__retarget_lock_init_recursive
                0x000000000800be00        0x2 /home/herve/.eclipse/com.st.stm32cube.ide.mcu.rcp.product_1.10.1_139059409_linux_gtk_x86_64/plugins/com.st.stm32cube.ide.mcu.externaltools.gnu-tools-for-stm32.10.3-2021.10.linux64_1.0.100.202210260954/tools/bin/../lib/gcc/arm-none-eabi/10.3.1/../../../../arm-none-eabi/lib/thumb/v7e-m+fp/hard/libc_nano.a(lib_a-lock.o)
                0x000000000800be00                __retarget_lock_init_recursive
 .text.__retarget_lock_acquire_recursive
                0x000000000800be02        0x2 /home/herve/.eclipse/com.st.stm32cube.ide.mcu.rcp.product_1.10.1_139059409_linux_gtk_x86_64/plugins/com.st.stm32cube.ide.mcu.externaltools.gnu-tools-for-stm32.10.3-2021.10.linux64_1.0.100.202210260954/tools/bin/../lib/gcc/arm-none-eabi/10.3.1/../../../../arm-none-eabi/lib/thumb/v7e-m+fp/hard/libc_nano.a(lib_a-lock.o)
                0x000000000800be02                __retarget_lock_acquire_recursive
 .text.__retarget_lock_release_recursive
                0x000000000800be04        0x2 /home/herve/.eclipse/com.st.stm32cube.ide.mcu.rcp.product_1.10.1_139059409_linux_gtk_x86_64/plugins/com.st.stm32cube.ide.mcu.externaltools.gnu-tools-for-stm32.10.3-2021.10.linux64_1.0.100.202210260954/tools/bin/../lib/gcc/arm-none-eabi/10.3.1/../../../../arm-none-eabi/lib/thumb/v7e-m+fp/hard/libc_nano.a(lib_a-lock.o)
                0x000000000800be04                __retarget_lock_release_recursive
 .text.__swhatbuf_r