/home/herve/Documents/stm32_projects/SensorDemo_BLE_l476rg/Src/app_bluenrg_2.c:94:6:MX_BlueNRG_2_Init	16	static
/home/herve/Documents/stm32_projects/SensorDemo_BLE_l476rg/Src/app_bluenrg_2.c:135:6:MX_BlueNRG_2_Process	8	static
/home/herve/Documents/stm32_projects/SensorDemo_BLE_l476rg/Src/app_bluenrg_2.c:155:13:User_Init	8	static
/home/herve/Documents/stm32_projects/SensorDemo_BLE_l476rg/Src/app_bluenrg_2.c:169:9:Sensor_DeviceInit	56	static
/home/herve/Documents/stm32_projects/SensorDemo_BLE_l476rg/Src/app_bluenrg_2.c:306:13:User_Process	32	static
/home/herve/Documents/stm32_projects/SensorDemo_BLE_l476rg/Src/app_bluenrg_2.c:373:13:Set_Random_Environmental_Values	16	static
/home/herve/Documents/stm32_projects/SensorDemo_BLE_l476rg/Src/app_bluenrg_2.c:385:13:Set_Random_Motion_Values	1032	static
/home/herve/Documents/stm32_projects/SensorDemo_BLE_l476rg/Src/app_bluenrg_2.c:426:13:Reset_Motion_Values	4	static
/home/herve/Documents/stm32_projects/SensorDemo_BLE_l476rg/Src/app_bluenrg_2.c:449:9:getBlueNRGVersion	48	static
/home/herve/Documents/stm32_projects/SensorDemo_BLE_l476rg/Src/app_bluenrg_2.c:473:6:BSP_PB_Callback	16	static
/home/herve/Documents/stm32_projects/SensorDemo_BLE_l476rg/Src/app_bluenrg_2.c:486:6:hci_le_connection_complete_event	24	static
/home/herve/Documents/stm32_projects/SensorDemo_BLE_l476rg/Src/app_bluenrg_2.c:508:6:hci_disconnection_complete_event	16	static
/home/herve/Documents/stm32_projects/SensorDemo_BLE_l476rg/Src/app_bluenrg_2.c:527:6:aci_gatt_read_permit_req_event	16	static
